Component: Arm Compiler for Embedded 6.22 Tool: armlink [5ee90200]

==============================================================================

Section Cross References

    startup_lpc17xx.o(STACK) refers (Special) to heapauxi.o(.text) for __use_two_region_memory
    startup_lpc17xx.o(HEAP) refers (Special) to heapauxi.o(.text) for __use_two_region_memory
    startup_lpc17xx.o(RESET) refers (Special) to heapauxi.o(.text) for __use_two_region_memory
    startup_lpc17xx.o(RESET) refers to startup_lpc17xx.o(STACK) for __initial_sp
    startup_lpc17xx.o(RESET) refers to startup_lpc17xx.o(.text) for Reset_Handler
    startup_lpc17xx.o(RESET) refers to irq_timer.o(.text) for TIMER0_IRQHandler
    startup_lpc17xx.o(RESET) refers to irq_button.o(.text) for EINT0_IRQHandler
    startup_lpc17xx.o(RESET) refers to irq_adc.o(.text) for ADC_IRQHandler
    startup_lpc17xx.o(RESET) refers to irq_can.o(.text) for CAN_IRQHandler
    startup_lpc17xx.o(RESET) refers to irq_rit.o(.text) for RIT_IRQHandler
    startup_lpc17xx.o(.ARM.__at_0x02FC) refers (Special) to heapauxi.o(.text) for __use_two_region_memory
    startup_lpc17xx.o(.text) refers (Special) to heapauxi.o(.text) for __use_two_region_memory
    startup_lpc17xx.o(.text) refers to __main.o(!!!main) for __main
    startup_lpc17xx.o(.text) refers to startup_lpc17xx.o(HEAP) for Heap_Mem
    startup_lpc17xx.o(.text) refers to startup_lpc17xx.o(STACK) for Stack_Mem
    sample.o(.text) refers to system_lpc17xx.o(.text) for SystemInit
    sample.o(.text) refers to glcd.o(.text) for LCD_Initialization
    sample.o(.text) refers to lib_can.o(.text) for CAN_Init
    sample.o(.text) refers to lib_button.o(.text) for BUTTON_init
    sample.o(.text) refers to lib_timer.o(.text) for timer_turnon
    sample.o(.text) refers to lib_rit.o(.text) for init_RIT
    sample.o(.text) refers to game.o(.text) for game_init
    sample.o(.ARM.exidx) refers to sample.o(.text) for [Anonymous Symbol]
    system_lpc17xx.o(.text) refers to system_lpc17xx.o(.data.SystemFrequency) for SystemFrequency
    system_lpc17xx.o(.text) refers to system_lpc17xx.o(.bss.ScaleFlag) for ScaleFlag
    system_lpc17xx.o(.ARM.exidx) refers to system_lpc17xx.o(.text) for [Anonymous Symbol]
    irq_timer.o(.text) refers to game.o(.text) for game_ghostupdate
    irq_timer.o(.text) refers to irq_timer.o(.bss.TIMER2_IRQHandler.sineticks) for TIMER2_IRQHandler.sineticks
    irq_timer.o(.text) refers to irq_timer.o(.data.SinTable) for SinTable
    irq_timer.o(.text) refers to lib_timer.o(.text) for disable_timer
    irq_timer.o(.ARM.exidx) refers to irq_timer.o(.text) for [Anonymous Symbol]
    lib_timer.o(.text) refers to fmul.o(x$fpl$fmul) for __aeabi_fmul
    lib_timer.o(.text) refers to ffixu.o(x$fpl$ffixu) for __aeabi_f2uiz
    lib_timer.o(.text) refers to fflt_clz.o(x$fpl$ffltu) for __aeabi_ui2f
    lib_timer.o(.text) refers to fdiv.o(x$fpl$fdiv) for __aeabi_fdiv
    lib_timer.o(.ARM.exidx) refers to lib_timer.o(.text) for [Anonymous Symbol]
    asciilib.o(.text) refers to asciilib.o(.rodata.AsciiLib) for AsciiLib
    asciilib.o(.ARM.exidx) refers to asciilib.o(.text) for [Anonymous Symbol]
    glcd.o(.text) refers to asciilib.o(.text) for GetASCIICode
    glcd.o(.ARM.exidx) refers to glcd.o(.text) for [Anonymous Symbol]
    hzlib.o(.text) refers to hzlib.o(.rodata.HzLib) for HzLib
    hzlib.o(.text) refers to rt_memcpy_v6.o(.text) for __aeabi_memcpy
    hzlib.o(.ARM.exidx) refers to hzlib.o(.text) for [Anonymous Symbol]
    draw.o(.text) refers (Special) to _printf_percent.o(.ARM.Collect$$_printf_percent$$00000000) for _printf_percent
    draw.o(.text) refers (Special) to _printf_pad.o(.text) for _printf_pre_padding
    draw.o(.text) refers (Special) to _printf_d.o(.ARM.Collect$$_printf_percent$$00000009) for _printf_d
    draw.o(.text) refers (Special) to _printf_dec.o(.text) for _printf_int_dec
    draw.o(.text) refers to game.o(.data.map) for map
    draw.o(.text) refers to glcd.o(.text) for LCD_DrawLine
    draw.o(.text) refers to dflt_clz.o(x$fpl$dflt) for __aeabi_i2d
    draw.o(.text) refers to dmul.o(x$fpl$dmul) for __aeabi_dmul
    draw.o(.text) refers to daddsub_clz.o(x$fpl$dadd) for __aeabi_dadd
    draw.o(.text) refers to sqrt.o(i.sqrt) for sqrt
    draw.o(.text) refers to dfix.o(x$fpl$dfix) for __aeabi_d2iz
    draw.o(.text) refers to noretval__2sprintf.o(.text) for __2sprintf
    draw.o(.ARM.exidx) refers (Special) to _printf_percent.o(.ARM.Collect$$_printf_percent$$00000000) for _printf_percent
    draw.o(.ARM.exidx) refers (Special) to _printf_pad.o(.text) for _printf_pre_padding
    draw.o(.ARM.exidx) refers (Special) to _printf_d.o(.ARM.Collect$$_printf_percent$$00000009) for _printf_d
    draw.o(.ARM.exidx) refers (Special) to _printf_dec.o(.text) for _printf_int_dec
    draw.o(.ARM.exidx) refers to draw.o(.text) for [Anonymous Symbol]
    game.o(.text) refers to sys_time.o(.text) for time
    game.o(.text) refers to rand.o(.text) for srand
[...]
    rtexit2.o(.ARM.exidx) refers to rtexit2.o(.ARM.Collect$$rtexit$$00000004) for .ARM.Collect$$rtexit$$00000004
    rt_raise.o(.text) refers to __raise.o(.text) for __raise
    rt_raise.o(.text) refers to sys_exit.o(.text) for _sys_exit
    defsig_exit.o(.text) refers to sys_exit.o(.text) for _sys_exit
    defsig_rtmem_inner.o(.text) refers to defsig_general.o(.text) for __default_signal_display
    sys_exit.o(.text) refers (Special) to use_no_semi.o(.text) for __I$use$semihosting
    sys_exit.o(.text) refers (Special) to indicate_semi.o(.text) for __semihosting_library_function
    sys_exit_hlt.o(.text) refers (Special) to use_no_semi.o(.text) for __I$use$semihosting
    sys_exit_hlt.o(.text) refers (Special) to indicate_semi.o(.text) for __semihosting_library_function
    __raise.o(.text) refers to defsig.o(CL$$defsig) for __default_signal_handler
    defsig_general.o(.text) refers to sys_wrch.o(.text) for _ttywrch
    libshutdown.o(.ARM.Collect$$libshutdown$$00000000) refers (Special) to libshutdown2.o(.ARM.Collect$$libshutdown$$00000002) for __rt_lib_shutdown_cpp_1
    libshutdown.o(.ARM.Collect$$libshutdown$$00000000) refers (Special) to libshutdown2.o(.ARM.Collect$$libshutdown$$00000007) for __rt_lib_shutdown_fp_trap_1
    libshutdown.o(.ARM.Collect$$libshutdown$$00000000) refers (Special) to libshutdown2.o(.ARM.Collect$$libshutdown$$0000000F) for __rt_lib_shutdown_heap_1
    libshutdown.o(.ARM.Collect$$libshutdown$$00000000) refers (Special) to libshutdown2.o(.ARM.Collect$$libshutdown$$00000010) for __rt_lib_shutdown_return
    libshutdown.o(.ARM.Collect$$libshutdown$$00000000) refers (Special) to libshutdown2.o(.ARM.Collect$$libshutdown$$0000000A) for __rt_lib_shutdown_signal_1
    libshutdown.o(.ARM.Collect$$libshutdown$$00000000) refers (Special) to libshutdown2.o(.ARM.Collect$$libshutdown$$00000004) for __rt_lib_shutdown_stdio_1
    libshutdown.o(.ARM.Collect$$libshutdown$$00000000) refers (Special) to libshutdown2.o(.ARM.Collect$$libshutdown$$0000000C) for __rt_lib_shutdown_user_alloc_1
    sys_wrch.o(.text) refers (Special) to use_no_semi.o(.text) for __I$use$semihosting
    sys_wrch.o(.text) refers (Special) to indicate_semi.o(.text) for __semihosting_library_function
    sys_wrch_hlt.o(.text) refers (Special) to use_no_semi.o(.text) for __I$use$semihosting
    sys_wrch_hlt.o(.text) refers (Special) to indicate_semi.o(.text) for __semihosting_library_function
    defsig.o(CL$$defsig) refers to defsig_rtmem_inner.o(.text) for __rt_SIGRTMEM_inner
    defsig_abrt_inner.o(.text) refers to defsig_general.o(.text) for __default_signal_display
    defsig_fpe_inner.o(.text) refers to defsig_general.o(.text) for __default_signal_display
    defsig_rtred_inner.o(.text) refers to defsig_general.o(.text) for __default_signal_display
    defsig_stak_inner.o(.text) refers to defsig_general.o(.text) for __default_signal_display
    defsig_pvfn_inner.o(.text) refers to defsig_general.o(.text) for __default_signal_display
    defsig_cppl_inner.o(.text) refers to defsig_general.o(.text) for __default_signal_display
    defsig_segv_inner.o(.text) refers to defsig_general.o(.text) for __default_signal_display
    defsig_other.o(.text) refers to defsig_general.o(.text) for __default_signal_display


==============================================================================

Removing Unused input sections from the image.

    Removing sample.o(.ARM.exidx), (8 bytes).
    Removing sample.o(.ARM.use_no_argv), (4 bytes).
    Removing system_lpc17xx.o(.ARM.exidx), (8 bytes).
    Removing irq_timer.o(.ARM.exidx), (32 bytes).
    Removing lib_timer.o(.ARM.exidx), (72 bytes).
    Removing asciilib.o(.ARM.exidx), (8 bytes).
    Removing glcd.o(.ARM.exidx), (56 bytes).
    Removing hzlib.o(.text), (36 bytes).
    Removing hzlib.o(.ARM.exidx), (8 bytes).
    Removing hzlib.o(.rodata.HzLib), (216576 bytes).
    Removing draw.o(.ARM.exidx), (80 bytes).
    Removing game.o(.ARM.exidx), (56 bytes).
    Removing funct_joystick.o(.text), (4 bytes).
    Removing funct_joystick.o(.ARM.exidx), (8 bytes).
    Removing lib_joystick.o(.text), (34 bytes).
    Removing lib_joystick.o(.ARM.exidx), (8 bytes).
    Removing irq_rit.o(.ARM.exidx), (8 bytes).
    Removing irq_rit.o(.bss.DeathcurrentNote), (4 bytes).
    Removing lib_rit.o(.ARM.exidx), (32 bytes).
    Removing funct_led.o(.ARM.exidx), (24 bytes).
    Removing lib_led.o(.text), (70 bytes).
    Removing lib_led.o(.ARM.exidx), (16 bytes).
    Removing irq_button.o(.ARM.exidx), (24 bytes).
    Removing lib_button.o(.ARM.exidx), (8 bytes).
    Removing astar.o(.ARM.exidx), (48 bytes).
    Removing music.o(.ARM.exidx), (16 bytes).
    Removing irq_adc.o(.ARM.exidx), (8 bytes).
    Removing lib_adc.o(.text), (102 bytes).
    Removing lib_adc.o(.ARM.exidx), (16 bytes).
    Removing irq_can.o(.ARM.exidx), (8 bytes).
    Removing irq_can.o(.bss.val_RxCoordX), (2 bytes).
    Removing irq_can.o(.bss.val_RxCoordY), (2 bytes).
    Removing lib_can.o(.ARM.exidx), (56 bytes).
    Removing lib_can.o(.rodata.CAN_BIT_TIME), (68 bytes).

34 unused section(s) (total 217510 bytes) removed from the image.

==============================================================================

Image Symbol Table

    Local Symbols

    Symbol Name                              Value     Ov Type        Size  Object(Section)

    ../clib/angel/boardlib.s                 0x00000000   Number         0  boardinit1.o ABSOLUTE
    ../clib/angel/boardlib.s                 0x00000000   Number         0  boardinit2.o ABSOLUTE
    ../clib/angel/boardlib.s                 0x00000000   Number         0  boardinit3.o ABSOLUTE
    ../clib/angel/boardlib.s                 0x00000000   Number         0  boardshut.o ABSOLUTE
    ../clib/angel/dczerorl2.s                0x00000000   Number         0  __dczerorl2.o ABSOLUTE
    ../clib/angel/handlers.s                 0x00000000   Number         0  __scatter_zi.o ABSOLUTE
    ../clib/angel/kernel.s                   0x00000000   Number         0  __rtentry.o ABSOLUTE
    ../clib/angel/kernel.s                   0x00000000   Number         0  __rtentry2.o ABSOLUTE
    ../clib/angel/kernel.s                   0x00000000   Number         0  __rtentry4.o ABSOLUTE
    ../clib/angel/kernel.s                   0x00000000   Number         0  rtexit.o ABSOLUTE
    ../clib/angel/kernel.s                   0x00000000   Number         0  rtexit2.o ABSOLUTE
    ../clib/angel/rt.s                       0x00000000   Number         0  rt_errno_addr.o ABSOLUTE
    ../clib/angel/rt.s                       0x00000000   Number         0  rt_errno_addr_intlibspace.o ABSOLUTE
    ../clib/angel/rt.s                       0x00000000   Number         0  rt_raise.o ABSOLUTE
    ../clib/angel/scatter.s                  0x00000000   Number         0  __scatter.o ABSOLUTE
    ../clib/angel/startup.s                  0x00000000   Number         0  __main.o ABSOLUTE
    ../clib/angel/sys.s                      0x00000000   Number         0  use_no_semi.o ABSOLUTE
    ../clib/angel/sys.s                      0x00000000   Number         0  indicate_semi.o ABSOLUTE
    ../clib/angel/sys.s                      0x00000000   Number         0  libspace.o ABSOLUTE
    ../clib/angel/sys.s                      0x00000000   Number         0  sys_stackheap_outer.o ABSOLUTE
    ../clib/angel/sysapp.c                   0x00000000   Number         0  sys_time.o ABSOLUTE
    ../clib/angel/sysapp.c                   0x00000000   Number         0  sys_time_hlt.o ABSOLUTE
    ../clib/angel/sysapp.c                   0x00000000   Number         0  sys_command.o ABSOLUTE
    ../clib/angel/sysapp.c                   0x00000000   Number         0  sys_command_hlt.o ABSOLUTE
    ../clib/angel/sysapp.c                   0x00000000   Number         0  sys_exit.o ABSOLUTE
    ../clib/angel/sysapp.c                   0x00000000   Number         0  sys_exit_hlt.o ABSOLUTE
    ../clib/angel/sysapp.c                   0x00000000   Number         0  sys_wrch.o ABSOLUTE
    ../clib/angel/sysapp.c                   0x00000000   Number         0  sys_wrch_hlt.o ABSOLUTE
    ../clib/armsys.c                         0x00000000   Number         0  argv_veneer.o ABSOLUTE
    ../clib/armsys.c                         0x00000000   Number         0  argv_veneer.o ABSOLUTE
    ../clib/armsys.c                         0x00000000   Number         0  _get_argv_nomalloc.o ABSOLUTE
    ../clib/armsys.c                         0x00000000   Number         0  no_argv.o ABSOLUTE
    ../clib/fenv.c                           0x00000000   Number         0  _rserrno.o ABSOLUTE
    ../clib/heapalloc.c                      0x00000000   Number         0  hrguard.o ABSOLUTE
    ../clib/heapaux.c                        0x00000000   Number         0  heapauxi.o ABSOLUTE
    ../clib/libinit.s                        0x00000000   Number         0  libinit2.o ABSOLUTE
    ../clib/libinit.s                        0x00000000   Number         0  libinit.o ABSOLUTE
    ../clib/libinit.s                        0x00000000   Number         0  libshutdown.o ABSOLUTE
    ../clib/libinit.s                        0x00000000   Number         0  libshutdown2.o ABSOLUTE
    ../clib/memcpset.s                       0x00000000   Number         0  rt_memcpy_v6.o ABSOLUTE
    ../clib/memcpset.s                       0x00000000   Number         0  rt_memmove_w.o ABSOLUTE
    ../clib/memcpset.s                       0x00000000   Number         0  rt_memclr_w.o ABSOLUTE
    ../clib/memcpset.s                       0x00000000   Number         0  rt_memcpy_w.o ABSOLUTE
    ../clib/misc.s                           0x00000000   Number         0  printf_stubs.o ABSOLUTE
    ../clib/printf.c                         0x00000000   Number         0  __2sprintf.o ABSOLUTE
    ../clib/printf.c                         0x00000000   Number         0  noretval__2sprintf.o ABSOLUTE
    ../clib/printf.c                         0x00000000   Number         0  __printf.o ABSOLUTE
    ../clib/printf.c                         0x00000000   Number         0  _printf_pad.o ABSOLUTE
    ../clib/printf.c                         0x00000000   Number         0  _printf_dec.o ABSOLUTE
    ../clib/printf.c                         0x00000000   Number         0  __printf_flags.o ABSOLUTE
    ../clib/printf.c                         0x00000000   Number         0  __printf_ss.o ABSOLUTE
    ../clib/printf.c                         0x00000000   Number         0  __printf_flags_ss.o ABSOLUTE
    ../clib/printf.c                         0x00000000   Number         0  __printf_wp.o ABSOLUTE
    ../clib/printf.c                         0x00000000   Number         0  __printf_flags_wp.o ABSOLUTE
    ../clib/printf.c                         0x00000000   Number         0  __printf_ss_wp.o ABSOLUTE
    ../clib/printf.c                         0x00000000   Number         0  __printf_flags_ss_wp.o ABSOLUTE
    ../clib/printf.c                         0x00000000   Number         0  _printf_intcommon.o ABSOLUTE
    ../clib/printf.c                         0x00000000   Number         0  _printf_char_common.o ABSOLUTE
    ../clib/printf.c                         0x00000000   Number         0  _sputc.o ABSOLUTE
    ../clib/printf.c                         0x00000000   Number         0  __printf_nopercent.o ABSOLUTE
    ../clib/printf_percent.s                 0x00000000   Number         0  _printf_d.o ABSOLUTE
    ../clib/printf_percent.s                 0x00000000   Number         0  _printf_percent.o ABSOLUTE
    ../clib/printf_percent.s                 0x00000000   Number         0  _printf_percent_end.o ABSOLUTE
    ../clib/signal.c                         0x00000000   Number         0  defsig_rtmem_outer.o ABSOLUTE
    ../clib/signal.c                         0x00000000   Number         0  defsig_rtmem_formal.o ABSOLUTE
    ../clib/signal.c                         0x00000000   Number         0  defsig_exit.o ABSOLUTE
    ../clib/signal.c                         0x00000000   Number         0  defsig_rtmem_inner.o ABSOLUTE
    ../clib/signal.c                         0x00000000   Number         0  __raise.o ABSOLUTE
    ../clib/signal.c                         0x00000000   Number         0  defsig_general.o ABSOLUTE
    ../clib/signal.c                         0x00000000   Number         0  defsig_abrt_inner.o ABSOLUTE
    ../clib/signal.c                         0x00000000   Number         0  defsig_fpe_inner.o ABSOLUTE
    ../clib/signal.c                         0x00000000   Number         0  defsig_rtred_inner.o ABSOLUTE
    ../clib/signal.c                         0x00000000   Number         0  defsig_stak_inner.o ABSOLUTE
    ../clib/signal.c                         0x00000000   Number         0  defsig_pvfn_inner.o ABSOLUTE
    ../clib/signal.c                         0x00000000   Number         0  defsig_cppl_inner.o ABSOLUTE
    ../clib/signal.c                         0x00000000   Number         0  defsig_segv_inner.o ABSOLUTE
    ../clib/signal.c                         0x00000000   Number         0  defsig_other.o ABSOLUTE
    ../clib/signal.s                         0x00000000   Number         0  defsig.o ABSOLUTE
    ../clib/stdlib.c                         0x00000000   Number         0  rand.o ABSOLUTE
    ../clib/stdlib.c                         0x00000000   Number         0  rand.o ABSOLUTE
    ../clib/stdlib.c                         0x00000000   Number         0  exit.o ABSOLUTE
    ../fplib/daddsub.s                       0x00000000   Number         0  daddsub_clz.o ABSOLUTE
    ../fplib/dfix.s                          0x00000000   Number         0  dfix.o ABSOLUTE
    ../fplib/dflt.s                          0x00000000   Number         0  dflt_clz.o ABSOLUTE
    ../fplib/dmul.s                          0x00000000   Number         0  dmul.o ABSOLUTE
    ../fplib/dnaninf.s                       0x00000000   Number         0  dnaninf.o ABSOLUTE
    ../fplib/dretinf.s                       0x00000000   Number         0  dretinf.o ABSOLUTE
    ../fplib/dsqrt.s                         0x00000000   Number         0  dsqrt_noumaal.o ABSOLUTE
    ../fplib/fdiv.s                          0x00000000   Number         0  fdiv.o ABSOLUTE
    ../fplib/ffixu.s                         0x00000000   Number         0  ffixu.o ABSOLUTE
    ../fplib/fflt.s                          0x00000000   Number         0  fflt_clz.o ABSOLUTE
    ../fplib/fmul.s                          0x00000000   Number         0  fmul.o ABSOLUTE
    ../fplib/fnaninf.s                       0x00000000   Number         0  fnaninf.o ABSOLUTE
    ../fplib/fpinit.s                        0x00000000   Number         0  fpinit.o ABSOLUTE
    ../fplib/fpinit_empty.s                  0x00000000   Number         0  fpinit_empty.o ABSOLUTE
    ../fplib/fretinf.s                       0x00000000   Number         0  fretinf.o ABSOLUTE
    ../fplib/usenofp.s                       0x00000000   Number         0  usenofp.o ABSOLUTE
    ../mathlib/sqrt.c                        0x00000000   Number         0  sqrt.o ABSOLUTE
    AsciiLib.c                               0x00000000   Number         0  asciilib.o ABSOLUTE
    Astar.c                                  0x00000000   Number         0  astar.o ABSOLUTE
    GLCD.c                                   0x00000000   Number         0  glcd.o ABSOLUTE
    HzLib.c                                  0x00000000   Number         0  hzlib.o ABSOLUTE
    IRQ_CAN.c                                0x00000000   Number         0  irq_can.o ABSOLUTE
    IRQ_RIT.c                                0x00000000   Number         0  irq_rit.o ABSOLUTE
    IRQ_adc.c                                0x00000000   Number         0  irq_adc.o ABSOLUTE
    IRQ_button.c                             0x00000000   Number         0  irq_button.o ABSOLUTE
    IRQ_timer.c                              0x00000000   Number         0  irq_timer.o ABSOLUTE
    Source\startup_LPC17xx.s                 0x00000000   Number         0  startup_lpc17xx.o ABSOLUTE
    dc.s                                     0x00000000   Number         0  dc.o ABSOLUTE
    draw.c                                   0x00000000   Number         0  draw.o ABSOLUTE
    funct_joystick.c                         0x00000000   Number         0  funct_joystick.o ABSOLUTE
    funct_led.c                              0x00000000   Number         0  funct_led.o ABSOLUTE
    game.c                                   0x00000000   Number         0  game.o ABSOLUTE
    lib_CAN.c                                0x00000000   Number         0  lib_can.o ABSOLUTE
    lib_RIT.c                                0x00000000   Number         0  lib_rit.o ABSOLUTE
    lib_adc.c                                0x00000000   Number         0  lib_adc.o ABSOLUTE
    lib_button.c                             0x00000000   Number         0  lib_button.o ABSOLUTE
    lib_joystick.c                           0x00000000   Number         0  lib_joystick.o ABSOLUTE
    lib_led.c                                0x00000000   Number         0  lib_led.o ABSOLUTE
    lib_timer.c                              0x00000000   Number         0  lib_timer.o ABSOLUTE
    music.c                                  0x00000000   Number         0  music.o ABSOLUTE
    sample.c                                 0x00000000   Number         0  sample.o ABSOLUTE
    system_LPC17xx.c                         0x00000000   Number         0  system_lpc17xx.o ABSOLUTE
    RESET                                    0x00000000   Section      204  startup_lpc17xx.o(RESET)
    !!!main                                  0x000000cc   Section        8  __main.o(!!!main)
    !!!scatter                               0x000000d4   Section       92  __scatter.o(!!!scatter)
    !!dczerorl2                              0x00000130   Section       90  __dczerorl2.o(!!dczerorl2)
    !!handler_null                           0x0000018c   Section        2  __scatter.o(!!handler_null)
    !!handler_zi                             0x00000190   Section       28  __scatter_zi.o(!!handler_zi)
    .ARM.Collect$$_printf_percent$$00000000  0x000001ac   Section        0  _printf_percent.o(.ARM.Collect$$_printf_percent$$00000000)
    .ARM.Collect$$_printf_percent$$00000009  0x000001ac   Section        6  _printf_d.o(.ARM.Collect$$_printf_percent$$00000009)
    .ARM.Collect$$_printf_percent$$00000017  0x000001b2   Section        4  _printf_percent_end.o(.ARM.Collect$$_printf_percent$$00000017)
    .ARM.Collect$$libinit$$00000000          0x000001b6   Section        2  libinit.o(.ARM.Collect$$libinit$$00000000)
    .ARM.Collect$$libinit$$00000002          0x000001b8   Section        0  libinit2.o(.ARM.Collect$$libinit$$00000002)
    .ARM.Collect$$libinit$$00000004          0x000001b8   Section        0  libinit2.o(.ARM.Collect$$libinit$$00000004)
    .ARM.Collect$$libinit$$00000006          0x000001b8   Section        0  libinit2.o(.ARM.Collect$$libinit$$00000006)
    .ARM.Collect$$libinit$$0000000C          0x000001b8   Section        0  libinit2.o(.ARM.Collect$$libinit$$0000000C)
    .ARM.Collect$$libinit$$0000000E          0x000001b8   Section        0  libinit2.o(.ARM.Collect$$libinit$$0000000E)
    .ARM.Collect$$libinit$$0000000F          0x000001b8   Section        4  libinit2.o(.ARM.Collect$$libinit$$0000000F)
    .ARM.Collect$$libinit$$00000010          0x000001bc   Section        0  libinit2.o(.ARM.Collect$$libinit$$00000010)
    .ARM.Collect$$libinit$$00000013          0x000001bc   Section        0  libinit2.o(.ARM.Collect$$libinit$$00000013)
    .ARM.Collect$$libinit$$00000015          0x000001bc   Section        0  libinit2.o(.ARM.Collect$$libinit$$00000015)
    .ARM.Collect$$libinit$$00000017          0x000001bc   Section        0  libinit2.o(.ARM.Collect$$libinit$$00000017)
    .ARM.Collect$$libinit$$00000019          0x000001bc   Section        0  libinit2.o(.ARM.Collect$$libinit$$00000019)
    .ARM.Collect$$libinit$$0000001B          0x000001bc   Section        0  libinit2.o(.ARM.Collect$$libinit$$0000001B)
    .ARM.Collect$$libinit$$0000001D          0x000001bc   Section        0  libinit2.o(.ARM.Collect$$libinit$$0000001D)
    .ARM.Collect$$libinit$$0000001F          0x000001bc   Section        0  libinit2.o(.ARM.Collect$$libinit$$0000001F)
    .ARM.Collect$$libinit$$00000021          0x000001bc   Section        0  libinit2.o(.ARM.Collect$$libinit$$00000021)
    .ARM.Collect$$libinit$$00000023          0x000001bc   Section        0  libinit2.o(.ARM.Collect$$libinit$$00000023)
    .ARM.Collect$$libinit$$00000025          0x000001bc   Section        0  libinit2.o(.ARM.Collect$$libinit$$00000025)
    .ARM.Collect$$libinit$$00000027          0x000001bc   Section        0  libinit2.o(.ARM.Collect$$libinit$$00000027)
    .ARM.Collect$$libinit$$0000002E          0x000001bc   Section        0  libinit2.o(.ARM.Collect$$libinit$$0000002E)
    .ARM.Collect$$libinit$$00000030          0x000001bc   Section        0  libinit2.o(.ARM.Collect$$libinit$$00000030)
    .ARM.Collect$$libinit$$00000032          0x000001bc   Section        0  libinit2.o(.ARM.Collect$$libinit$$00000032)
    .ARM.Collect$$libinit$$00000034          0x000001bc   Section        0  libinit2.o(.ARM.Collect$$libinit$$00000034)
    .ARM.Collect$$libinit$$00000035          0x000001bc   Section        2  libinit2.o(.ARM.Collect$$libinit$$00000035)
    .ARM.Collect$$libshutdown$$00000000      0x000001be   Section        2  libshutdown.o(.ARM.Collect$$libshutdown$$00000000)
    .ARM.Collect$$libshutdown$$00000002      0x000001c0   Section        0  libshutdown2.o(.ARM.Collect$$libshutdown$$00000002)
    .ARM.Collect$$libshutdown$$00000004      0x000001c0   Section        0  libshutdown2.o(.ARM.Collect$$libshutdown$$00000004)
    .ARM.Collect$$libshutdown$$00000007      0x000001c0   Section        0  libshutdown2.o(.ARM.Collect$$libshutdown$$00000007)
    .ARM.Collect$$libshutdown$$0000000A      0x000001c0   Section        0  libshutdown2.o(.ARM.Collect$$libshutdown$$0000000A)
    .ARM.Collect$$libshutdown$$0000000C      0x000001c0   Section        0  libshutdown2.o(.ARM.Collect$$libshutdown$$0000000C)
    .ARM.Collect$$libshutdown$$0000000F      0x000001c0   Section        0  libshutdown2.o(.ARM.Collect$$libshutdown$$0000000F)
    .ARM.Collect$$libshutdown$$00000010      0x000001c0   Section        2  libshutdown2.o(.ARM.Collect$$libshutdown$$00000010)
    .ARM.Collect$$rtentry$$00000000          0x000001c2   Section        0  __rtentry.o(.ARM.Collect$$rtentry$$00000000)
    .ARM.Collect$$rtentry$$00000002          0x000001c2   Section        0  __rtentry2.o(.ARM.Collect$$rtentry$$00000002)
    .ARM.Collect$$rtentry$$00000004          0x000001c2   Section        6  __rtentry4.o(.ARM.Collect$$rtentry$$00000004)
    .ARM.Collect$$rtentry$$00000009          0x000001c8   Section        0  __rtentry2.o(.ARM.Collect$$rtentry$$00000009)
    .ARM.Collect$$rtentry$$0000000A          0x000001c8   Section        4  __rtentry2.o(.ARM.Collect$$rtentry$$0000000A)
    .ARM.Collect$$rtentry$$0000000C          0x000001cc   Section        0  __rtentry2.o(.ARM.Collect$$rtentry$$0000000C)
    .ARM.Collect$$rtentry$$0000000D          0x000001cc   Section        8  __rtentry2.o(.ARM.Collect$$rtentry$$0000000D)
    .ARM.Collect$$rtexit$$00000000           0x000001d4   Section        2  rtexit.o(.ARM.Collect$$rtexit$$00000000)
    .ARM.Collect$$rtexit$$00000002           0x000001d6   Section        0  rtexit2.o(.ARM.Collect$$rtexit$$00000002)
    .ARM.Collect$$rtexit$$00000003           0x000001d6   Section        4  rtexit2.o(.ARM.Collect$$rtexit$$00000003)
    .ARM.Collect$$rtexit$$00000004           0x000001da   Section        6  rtexit2.o(.ARM.Collect$$rtexit$$00000004)
    .emb_text                                0x000001e0   Section       52  rand.o(.emb_text)
    .text                                    0x00000214   Section       52  startup_lpc17xx.o(.text)
    [Anonymous Symbol]                       0x00000248   Section        0  sample.o(.text)
    .text                                    0x000002e8   Section        0  sys_time.o(.text)
    .text                                    0x000002fa   Section        2  use_no_semi.o(.text)
    .ARM.__at_0x02FC                         0x000002fc   Section        4  startup_lpc17xx.o(.ARM.__at_0x02FC)
    [Anonymous Symbol]                       0x00000300   Section        0  system_lpc17xx.o(.text)
    [Anonymous Symbol]                       0x00000450   Section        0  irq_timer.o(.text)
    [Anonymous Symbol]                       0x00000580   Section        0  lib_timer.o(.text)
    [Anonymous Symbol]                       0x0000081c   Section        0  asciilib.o(.text)
    [Anonymous Symbol]                       0x00000848   Section        0  glcd.o(.text)
    [Anonymous Symbol]                       0x00001f70   Section        0  draw.o(.text)
    [Anonymous Symbol]                       0x000025ac   Section        0  game.o(.text)
    [Anonymous Symbol]                       0x00002fa8   Section        0  irq_rit.o(.text)
    [Anonymous Symbol]                       0x00003174   Section        0  lib_rit.o(.text)
    [Anonymous Symbol]                       0x000031f0   Section        0  funct_led.o(.text)
    [Anonymous Symbol]                       0x00003288   Section        0  irq_button.o(.text)
    [Anonymous Symbol]                       0x000032f4   Section        0  lib_button.o(.text)
    [Anonymous Symbol]                       0x0000336c   Section        0  astar.o(.text)
    [Anonymous Symbol]                       0x000036d4   Section        0  music.o(.text)
    [Anonymous Symbol]                       0x0000373c   Section        0  irq_adc.o(.text)
    [Anonymous Symbol]                       0x000037e0   Section        0  irq_can.o(.text)
    [Anonymous Symbol]                       0x000038a0   Section        0  lib_can.o(.text)
    .text                                    0x00003d98   Section        0  noretval__2sprintf.o(.text)
    .text                                    0x00003dc0   Section        0  _printf_pad.o(.text)
    .text                                    0x00003e10   Section        0  _printf_dec.o(.text)
    .text                                    0x00003e88   Section        0  __printf_flags_wp.o(.text)
    .text                                    0x00003fc0   Section        0  rand.o(.text)
    .text                                    0x00003ffc   Section      122  rt_memmove_w.o(.text)
    .text                                    0x00004076   Section       78  rt_memclr_w.o(.text)
    .text                                    0x000040c4   Section        0  heapauxi.o(.text)
    .text                                    0x000040ca   Section        0  indicate_semi.o(.text)
    .text                                    0x000040ca   Section        0  _rserrno.o(.text)
    .text                                    0x000040e0   Section        0  _printf_intcommon.o(.text)
    _printf_input_char                       0x00004195   Thumb Code    10  _printf_char_common.o(.text)
    .text                                    0x00004194   Section        0  _printf_char_common.o(.text)
    .text                                    0x000041c4   Section        0  _sputc.o(.text)
    .text                                    0x000041ce   Section      100  rt_memcpy_w.o(.text)
    .text                                    0x00004234   Section        8  rt_errno_addr_intlibspace.o(.text)
    .text                                    0x0000423c   Section        8  libspace.o(.text)
    .text                                    0x00004244   Section       74  sys_stackheap_outer.o(.text)
    .text                                    0x0000428e   Section        0  exit.o(.text)
    .text                                    0x000042a0   Section        0  sys_exit.o(.text)
    i._is_digit                              0x000042ac   Section        0  __printf_wp.o(i._is_digit)
    i.sqrt                                   0x000042ba   Section        0  sqrt.o(i.sqrt)
    x$fpl$dadd                               0x00004308   Section      336  daddsub_clz.o(x$fpl$dadd)
    _dadd1                                   0x00004319   Thumb Code     0  daddsub_clz.o(x$fpl$dadd)
    x$fpl$dfix                               0x00004458   Section       94  dfix.o(x$fpl$dfix)
    x$fpl$dflt                               0x000044b6   Section       46  dflt_clz.o(x$fpl$dflt)
    x$fpl$dmul                               0x000044e4   Section      340  dmul.o(x$fpl$dmul)
    x$fpl$dnaninf                            0x00004638   Section      156  dnaninf.o(x$fpl$dnaninf)
    x$fpl$dretinf                            0x000046d4   Section       12  dretinf.o(x$fpl$dretinf)
    x$fpl$dsqrt                              0x000046e0   Section      460  dsqrt_noumaal.o(x$fpl$dsqrt)
    x$fpl$dsub                               0x000048ac   Section      476  daddsub_clz.o(x$fpl$dsub)
    _dsub1                                   0x000048bd   Thumb Code     0  daddsub_clz.o(x$fpl$dsub)
    _fdiv1                                   0x00004a89   Thumb Code     0  fdiv.o(x$fpl$fdiv)
    x$fpl$fdiv                               0x00004a88   Section      388  fdiv.o(x$fpl$fdiv)
    x$fpl$ffixu                              0x00004c0c   Section       62  ffixu.o(x$fpl$ffixu)
    x$fpl$ffltu                              0x00004c4c   Section       38  fflt_clz.o(x$fpl$ffltu)
    x$fpl$fmul                               0x00004c74   Section      258  fmul.o(x$fpl$fmul)
    x$fpl$fnaninf                            0x00004d76   Section      140  fnaninf.o(x$fpl$fnaninf)
    x$fpl$fretinf                            0x00004e02   Section       10  fretinf.o(x$fpl$fretinf)
    maptable                                 0x00004e0c   Data          17  __printf_flags_wp.o(.constdata)
    .constdata                               0x00004e0c   Section       17  __printf_flags_wp.o(.constdata)
    x$fpl$usenofp                            0x00004e0c   Section        0  usenofp.o(x$fpl$usenofp)
    AsciiLib                                 0x00004e1d   Data        1520  asciilib.o(.rodata.AsciiLib)
    [Anonymous Symbol]                       0x00004e1d   Section        0  asciilib.o(.rodata.AsciiLib)
    .L__const.aStar.directions               0x00005410   Data          32  astar.o(.rodata.cst32)
    .L__const.trovaPosizioneLontanaDaPacman.plontana 0x00005430   Data           8  game.o(.rodata.cst8)
    .L.str                                   0x00005478   Data           6  game.o(.rodata.str1.1)
    [Anonymous Symbol]                       0x00005478   Section        0  game.o(.rodata.str1.1)
    .L.str.1                                 0x0000547e   Data          10  game.o(.rodata.str1.1)
    .bss                                     0x2007c468   Section      228  rand.o(.bss)
    .bss                                     0x2007c54c   Section       96  libspace.o(.bss)
    CAN_wrFilter.CAN_ext_cnt                 0x2007c5d0   Data           4  lib_can.o(.bss.CAN_wrFilter.CAN_ext_cnt)
    [Anonymous Symbol]                       0x2007c5d0   Section        0  lib_can.o(.bss.CAN_wrFilter.CAN_ext_cnt)
    CAN_wrFilter.CAN_std_cnt                 0x2007c5d4   Data           4  lib_can.o(.bss.CAN_wrFilter.CAN_std_cnt)
    [Anonymous Symbol]                       0x2007c5d4   Section        0  lib_can.o(.bss.CAN_wrFilter.CAN_std_cnt)
    RIT_IRQHandler.downj                     0x2007c5e0   Data           4  irq_rit.o(.bss.RIT_IRQHandler.downj)
    [Anonymous Symbol]                       0x2007c5e0   Section        0  irq_rit.o(.bss.RIT_IRQHandler.downj)
    RIT_IRQHandler.left                      0x2007c5e4   Data           4  irq_rit.o(.bss.RIT_IRQHandler.left)
    [Anonymous Symbol]                       0x2007c5e4   Section        0  irq_rit.o(.bss.RIT_IRQHandler.left)
    RIT_IRQHandler.right                     0x2007c5e8   Data           4  irq_rit.o(.bss.RIT_IRQHandler.right)
    [Anonymous Symbol]                       0x2007c5e8   Section        0  irq_rit.o(.bss.RIT_IRQHandler.right)
    RIT_IRQHandler.ticks                     0x2007c5ec   Data           4  irq_rit.o(.bss.RIT_IRQHandler.ticks)
    [Anonymous Symbol]                       0x2007c5ec   Section        0  irq_rit.o(.bss.RIT_IRQHandler.ticks)
    RIT_IRQHandler.ticks.1                   0x2007c5f0   Data           4  irq_rit.o(.bss.RIT_IRQHandler.ticks.1)
    [Anonymous Symbol]                       0x2007c5f0   Section        0  irq_rit.o(.bss.RIT_IRQHandler.ticks.1)
    RIT_IRQHandler.up                        0x2007c5f4   Data           4  irq_rit.o(.bss.RIT_IRQHandler.up)
    [Anonymous Symbol]                       0x2007c5f4   Section        0  irq_rit.o(.bss.RIT_IRQHandler.up)
    TIMER2_IRQHandler.sineticks              0x2007c5fc   Data           4  irq_timer.o(.bss.TIMER2_IRQHandler.sineticks)
    [Anonymous Symbol]                       0x2007c5fc   Section        0  irq_timer.o(.bss.TIMER2_IRQHandler.sineticks)
    Heap_Mem                                 0x2007dfe8   Data           0  startup_lpc17xx.o(HEAP)
    Stack_Mem                                0x2007dfe8   Data        1024  startup_lpc17xx.o(STACK)
    HEAP                                     0x2007dfe8   Section        0  startup_lpc17xx.o(HEAP)
    STACK                                    0x2007dfe8   Section     1024  startup_lpc17xx.o(STACK)
    __initial_sp                             0x2007e3e8   Data           0  startup_lpc17xx.o(STACK)

    Global Symbols

    Symbol Name                              Value     Ov Type        Size  Object(Section)

    BuildAttributes$$THM_ISAv4$P$D$K$B$S$PE$A:L22UL41UL21$X:L11$S22US41US21$IEEE1$IW$~IW$USESV6$~STKCKD$USESV7$~SHL$OTIME$ROPI$IEEEJ$EBA8$UX$STANDARDLIB$REQ8$PRES8$EABIv2 0x00000000   Number         0  anon$$obj.o ABSOLUTE
    __Vectors                                0x00000000   Data           4  startup_lpc17xx.o(RESET)
    __fp_init_empty                          0x00000000   Number         0  fpinit_empty.o ABSOLUTE
    _printf_flags                            0x00000000   Number         0  printf_stubs.o ABSOLUTE
    _printf_return_value                     0x00000000   Number         0  printf_stubs.o ABSOLUTE
    _printf_sizespec                         0x00000000   Number         0  printf_stubs.o ABSOLUTE
    _printf_widthprec                        0x00000000   Number         0  printf_stubs.o ABSOLUTE
    __ARM_exceptions_init                     - Undefined Weak Reference
    __alloca_initialize                       - Undefined Weak Reference
    __arm_preinit_                            - Undefined Weak Reference
    __arm_relocate_pie_                       - Undefined Weak Reference
    __cpp_initialize__aeabi_                  - Undefined Weak Reference
    __cxa_finalize                            - Undefined Weak Reference
    __rt_locale                               - Undefined Weak Reference
    __sigvec_lookup                           - Undefined Weak Reference
    _atexit_init                              - Undefined Weak Reference
    _call_atexit_fns                          - Undefined Weak Reference
    _clock_init                               - Undefined Weak Reference
    _fp_trap_init                             - Undefined Weak Reference
    _fp_trap_shutdown                         - Undefined Weak Reference
    _get_lc_collate                           - Undefined Weak Reference
    _get_lc_ctype                             - Undefined Weak Reference
    _get_lc_monetary                          - Undefined Weak Reference
    _get_lc_numeric                           - Undefined Weak Reference
    _get_lc_time                              - Undefined Weak Reference
    _getenv_init                              - Undefined Weak Reference
    _handle_redirection                       - Undefined Weak Reference
    _init_alloc                               - Undefined Weak Reference
    _init_user_alloc                          - Undefined Weak Reference
    _initio                                   - Undefined Weak Reference
    _printf_truncate_signed                   - Undefined Weak Reference
    _printf_truncate_unsigned                 - Undefined Weak Reference
    _signal_finish                            - Undefined Weak Reference
    _signal_init                              - Undefined Weak Reference
    _terminate_alloc                          - Undefined Weak Reference
    _terminate_user_alloc                     - Undefined Weak Reference
    _terminateio                              - Undefined Weak Reference
    __main                                   0x000000cd   Thumb Code     8  __main.o(!!!main)
    __scatterload                            0x000000d5   Thumb Code     0  __scatter.o(!!!scatter)
    __scatterload_rt2                        0x000000d5   Thumb Code    84  __scatter.o(!!!scatter)
    __scatterload_rt2_thumb_only             0x000000d5   Thumb Code     0  __scatter.o(!!!scatter)
    __scatterload_loop                       0x000000df   Thumb Code     0  __scatter.o(!!!scatter)
    __decompress                             0x00000131   Thumb Code    90  __dczerorl2.o(!!dczerorl2)
    __decompress1                            0x00000131   Thumb Code     0  __dczerorl2.o(!!dczerorl2)
    __scatterload_null                       0x0000018d   Thumb Code     2  __scatter.o(!!handler_null)
    __scatterload_zeroinit                   0x00000191   Thumb Code    28  __scatter_zi.o(!!handler_zi)
    _printf_d                                0x000001ad   Thumb Code     0  _printf_d.o(.ARM.Collect$$_printf_percent$$00000009)
    _printf_percent                          0x000001ad   Thumb Code     0  _printf_percent.o(.ARM.Collect$$_printf_percent$$00000000)
    _printf_percent_end                      0x000001b3   Thumb Code     0  _printf_percent_end.o(.ARM.Collect$$_printf_percent$$00000017)
    __rt_lib_init                            0x000001b7   Thumb Code     0  libinit.o(.ARM.Collect$$libinit$$00000000)
    __rt_lib_init_fp_1                       0x000001b9   Thumb Code     0  libinit2.o(.ARM.Collect$$libinit$$00000002)
    __rt_lib_init_heap_1                     0x000001b9   Thumb Code     0  libinit2.o(.ARM.Collect$$libinit$$0000000C)
    __rt_lib_init_preinit_1                  0x000001b9   Thumb Code     0  libinit2.o(.ARM.Collect$$libinit$$00000006)
    __rt_lib_init_rand_2                     0x000001b9   Thumb Code     0  libinit2.o(.ARM.Collect$$libinit$$0000000F)
    __rt_lib_init_relocate_pie_1             0x000001b9   Thumb Code     0  libinit2.o(.ARM.Collect$$libinit$$00000004)
    __rt_lib_init_user_alloc_1               0x000001b9   Thumb Code     0  libinit2.o(.ARM.Collect$$libinit$$0000000E)
    __rt_lib_init_alloca_1                   0x000001bd   Thumb Code     0  libinit2.o(.ARM.Collect$$libinit$$00000030)
    __rt_lib_init_argv_1                     0x000001bd   Thumb Code     0  libinit2.o(.ARM.Collect$$libinit$$0000002E)
    __rt_lib_init_atexit_1                   0x000001bd   Thumb Code     0  libinit2.o(.ARM.Collect$$libinit$$0000001D)
    __rt_lib_init_clock_1                    0x000001bd   Thumb Code     0  libinit2.o(.ARM.Collect$$libinit$$00000023)
    __rt_lib_init_cpp_1                      0x000001bd   Thumb Code     0  libinit2.o(.ARM.Collect$$libinit$$00000034)
    __rt_lib_init_exceptions_1               0x000001bd   Thumb Code     0  libinit2.o(.ARM.Collect$$libinit$$00000032)
    __rt_lib_init_fp_trap_1                  0x000001bd   Thumb Code     0  libinit2.o(.ARM.Collect$$libinit$$00000021)
    __rt_lib_init_getenv_1                   0x000001bd   Thumb Code     0  libinit2.o(.ARM.Collect$$libinit$$00000025)
    __rt_lib_init_lc_collate_1               0x000001bd   Thumb Code     0  libinit2.o(.ARM.Collect$$libinit$$00000013)
    __rt_lib_init_lc_ctype_1                 0x000001bd   Thumb Code     0  libinit2.o(.ARM.Collect$$libinit$$00000015)
    __rt_lib_init_lc_monetary_1              0x000001bd   Thumb Code     0  libinit2.o(.ARM.Collect$$libinit$$00000017)
    __rt_lib_init_lc_numeric_1               0x000001bd   Thumb Code     0  libinit2.o(.ARM.Collect$$libinit$$00000019)
    __rt_lib_init_lc_time_1                  0x000001bd   Thumb Code     0  libinit2.o(.ARM.Collect$$libinit$$0000001B)
    __rt_lib_init_rand_1                     0x000001bd   Thumb Code     0  libinit2.o(.ARM.Collect$$libinit$$00000010)
    __rt_lib_init_return                     0x000001bd   Thumb Code     0  libinit2.o(.ARM.Collect$$libinit$$00000035)
    __rt_lib_init_signal_1                   0x000001bd   Thumb Code     0  libinit2.o(.ARM.Collect$$libinit$$0000001F)
    __rt_lib_init_stdio_1                    0x000001bd   Thumb Code     0  libinit2.o(.ARM.Collect$$libinit$$00000027)
    __rt_lib_shutdown                        0x000001bf   Thumb Code     0  libshutdown.o(.ARM.Collect$$libshutdown$$00000000)
    __rt_lib_shutdown_cpp_1                  0x000001c1   Thumb Code     0  libshutdown2.o(.ARM.Collect$$libshutdown$$00000002)
    __rt_lib_shutdown_fp_trap_1              0x000001c1   Thumb Code     0  libshutdown2.o(.ARM.Collect$$libshutdown$$00000007)
    __rt_lib_shutdown_heap_1                 0x000001c1   Thumb Code     0  libshutdown2.o(.ARM.Collect$$libshutdown$$0000000F)
    __rt_lib_shutdown_return                 0x000001c1   Thumb Code     0  libshutdown2.o(.ARM.Collect$$libshutdown$$00000010)
    __rt_lib_shutdown_signal_1               0x000001c1   Thumb Code     0  libshutdown2.o(.ARM.Collect$$libshutdown$$0000000A)
    __rt_lib_shutdown_stdio_1                0x000001c1   Thumb Code     0  libshutdown2.o(.ARM.Collect$$libshutdown$$00000004)
    __rt_lib_shutdown_user_alloc_1           0x000001c1   Thumb Code     0  libshutdown2.o(.ARM.Collect$$libshutdown$$0000000C)
    __rt_entry                               0x000001c3   Thumb Code     0  __rtentry.o(.ARM.Collect$$rtentry$$00000000)
    __rt_entry_presh_1                       0x000001c3   Thumb Code     0  __rtentry2.o(.ARM.Collect$$rtentry$$00000002)
    __rt_entry_sh                            0x000001c3   Thumb Code     0  __rtentry4.o(.ARM.Collect$$rtentry$$00000004)
    __rt_entry_li                            0x000001c9   Thumb Code     0  __rtentry2.o(.ARM.Collect$$rtentry$$0000000A)
    __rt_entry_postsh_1                      0x000001c9   Thumb Code     0  __rtentry2.o(.ARM.Collect$$rtentry$$00000009)
    __rt_entry_main                          0x000001cd   Thumb Code     0  __rtentry2.o(.ARM.Collect$$rtentry$$0000000D)
    __rt_entry_postli_1                      0x000001cd   Thumb Code     0  __rtentry2.o(.ARM.Collect$$rtentry$$0000000C)
    __rt_exit                                0x000001d5   Thumb Code     0  rtexit.o(.ARM.Collect$$rtexit$$00000000)
    __rt_exit_ls                             0x000001d7   Thumb Code     0  rtexit2.o(.ARM.Collect$$rtexit$$00000003)
    __rt_exit_prels_1                        0x000001d7   Thumb Code     0  rtexit2.o(.ARM.Collect$$rtexit$$00000002)
    __rt_exit_exit                           0x000001db   Thumb Code     0  rtexit2.o(.ARM.Collect$$rtexit$$00000004)
    rand                                     0x000001e1   Thumb Code    48  rand.o(.emb_text)
    Reset_Handler                            0x00000215   Thumb Code     4  startup_lpc17xx.o(.text)
    NMI_Handler                              0x00000219   Thumb Code     2  startup_lpc17xx.o(.text)
    HardFault_Handler                        0x0000021b   Thumb Code     2  startup_lpc17xx.o(.text)
    MemManage_Handler                        0x0000021d   Thumb Code     2  startup_lpc17xx.o(.text)
    BusFault_Handler                         0x0000021f   Thumb Code     2  startup_lpc17xx.o(.text)
    UsageFault_Handler                       0x00000221   Thumb Code     2  startup_lpc17xx.o(.text)
    SVC_Handler                              0x00000223   Thumb Code     2  startup_lpc17xx.o(.text)
    DebugMon_Handler                         0x00000225   Thumb Code     2  startup_lpc17xx.o(.text)
    PendSV_Handler                           0x00000227   Thumb Code     2  startup_lpc17xx.o(.text)
    SysTick_Handler                          0x00000229   Thumb Code     2  startup_lpc17xx.o(.text)
    BOD_IRQHandler                           0x0000022b   Thumb Code     0  startup_lpc17xx.o(.text)
    CANActivity_IRQHandler                   0x0000022b   Thumb Code     0  startup_lpc17xx.o(.text)
    DMA_IRQHandler                           0x0000022b   Thumb Code     0  startup_lpc17xx.o(.text)
    EINT3_IRQHandler                         0x0000022b   Thumb Code     0  startup_lpc17xx.o(.text)
    ENET_IRQHandler                          0x0000022b   Thumb Code     0  startup_lpc17xx.o(.text)
    I2C0_IRQHandler                          0x0000022b   Thumb Code     0  startup_lpc17xx.o(.text)
    I2C1_IRQHandler                          0x0000022b   Thumb Code     0  startup_lpc17xx.o(.text)
    I2C2_IRQHandler                          0x0000022b   Thumb Code     0  startup_lpc17xx.o(.text)
    I2S_IRQHandler                           0x0000022b   Thumb Code     0  startup_lpc17xx.o(.text)
    MCPWM_IRQHandler                         0x0000022b   Thumb Code     0  startup_lpc17xx.o(.text)
    PLL0_IRQHandler                          0x0000022b   Thumb Code     0  startup_lpc17xx.o(.text)
    PLL1_IRQHandler                          0x0000022b   Thumb Code     0  startup_lpc17xx.o(.text)
    PWM1_IRQHandler                          0x0000022b   Thumb Code     0  startup_lpc17xx.o(.text)
    QEI_IRQHandler                           0x0000022b   Thumb Code     0  startup_lpc17xx.o(.text)
    RTC_IRQHandler                           0x0000022b   Thumb Code     0  startup_lpc17xx.o(.text)
    SPI_IRQHandler                           0x0000022b   Thumb Code     0  startup_lpc17xx.o(.text)
    SSP0_IRQHandler                          0x0000022b   Thumb Code     0  startup_lpc17xx.o(.text)
    SSP1_IRQHandler                          0x0000022b   Thumb Code     0  startup_lpc17xx.o(.text)
    UART0_IRQHandler                         0x0000022b   Thumb Code     0  startup_lpc17xx.o(.text)
    UART1_IRQHandler                         0x0000022b   Thumb Code     0  startup_lpc17xx.o(.text)
    UART2_IRQHandler                         0x0000022b   Thumb Code     0  startup_lpc17xx.o(.text)
    UART3_IRQHandler                         0x0000022b   Thumb Code     0  startup_lpc17xx.o(.text)
    USBActivity_IRQHandler                   0x0000022b   Thumb Code     0  startup_lpc17xx.o(.text)
    USB_IRQHandler                           0x0000022b   Thumb Code     0  startup_lpc17xx.o(.text)
    WDT_IRQHandler                           0x0000022b   Thumb Code     0  startup_lpc17xx.o(.text)
    __user_initial_stackheap                 0x0000022d   Thumb Code     0  startup_lpc17xx.o(.text)
    main                                     0x00000249   Thumb Code   160  sample.o(.text)
    time                                     0x000002e9   Thumb Code    18  sys_time.o(.text)
    __I$use$semihosting                      0x000002fb   Thumb Code     0  use_no_semi.o(.text)
    __use_no_semihosting_swi                 0x000002fb   Thumb Code     2  use_no_semi.o(.text)
    SystemInit                               0x00000301   Thumb Code   320  system_lpc17xx.o(.text)
    TIMER0_IRQHandler                        0x00000451   Thumb Code    62  irq_timer.o(.text)
    TIMER1_IRQHandler                        0x00000491   Thumb Code    68  irq_timer.o(.text)
    TIMER2_IRQHandler                        0x000004d5   Thumb Code   104  irq_timer.o(.text)
    TIMER3_IRQHandler                        0x0000053d   Thumb Code    66  irq_timer.o(.text)
    enable_timer                             0x00000581   Thumb Code    38  lib_timer.o(.text)
    disable_timer                            0x000005a9   Thumb Code    38  lib_timer.o(.text)
    reset_timer                              0x000005d1   Thumb Code    42  lib_timer.o(.text)
    init_timer                               0x000005fd   Thumb Code   378  lib_timer.o(.text)
    read_timer                               0x00000779   Thumb Code    48  lib_timer.o(.text)
    sec_to_count                             0x000007a9   Thumb Code    20  lib_timer.o(.text)
    count_to_sec                             0x000007bd   Thumb Code    20  lib_timer.o(.text)
    timer_not_done                           0x000007d1   Thumb Code    48  lib_timer.o(.text)
    timer_turnon                             0x00000801   Thumb Code    26  lib_timer.o(.text)
    GetASCIICode                             0x0000081d   Thumb Code    42  asciilib.o(.text)
    LCD_Initialization                       0x00000849   Thumb Code  4466  glcd.o(.text)
    LCD_Clear                                0x000019bd   Thumb Code   292  glcd.o(.text)
    LCD_GetPoint                             0x00001ae1   Thumb Code   356  glcd.o(.text)
    LCD_SetPoint                             0x00001c45   Thumb Code   322  glcd.o(.text)
    LCD_DrawLine                             0x00001d89   Thumb Code   224  glcd.o(.text)
    PutChar                                  0x00001e69   Thumb Code   102  glcd.o(.text)
    GUI_Text                                 0x00001ed1   Thumb Code   158  glcd.o(.text)
    draw_wall                                0x00001f71   Thumb Code   292  draw.o(.text)
    LCD_FillRect                             0x00002095   Thumb Code    56  draw.o(.text)
    draw_square                              0x000020cd   Thumb Code    80  draw.o(.text)
    draw_circle                              0x0000211d   Thumb Code   282  draw.o(.text)
    draw_life                                0x00002239   Thumb Code   150  draw.o(.text)
    draw_pacman                              0x000022d1   Thumb Code   250  draw.o(.text)
    draw_scgotext                            0x000023cd   Thumb Code    44  draw.o(.text)
    draw_score                               0x00002411   Thumb Code    48  draw.o(.text)
    draw_timer                               0x00002445   Thumb Code    44  draw.o(.text)
    draw_ghost                               0x00002479   Thumb Code   306  draw.o(.text)
    game_init                                0x000025ad   Thumb Code   654  game.o(.text)
    game_changedirection                     0x0000283d   Thumb Code   520  game.o(.text)
    game_pause                               0x00002a51   Thumb Code   150  game.o(.text)
    game_over                                0x00002ae9   Thumb Code    48  game.o(.text)
    game_timeupdate                          0x00002b19   Thumb Code   422  game.o(.text)
    game_ghostupdate                         0x00002cc1   Thumb Code   486  game.o(.text)
    game_checkpos                            0x00002ea9   Thumb Code   256  game.o(.text)
    RIT_IRQHandler                           0x00002fa9   Thumb Code   458  irq_rit.o(.text)
    enable_RIT                               0x00003175   Thumb Code    16  lib_rit.o(.text)
    disable_RIT                              0x00003185   Thumb Code    16  lib_rit.o(.text)
    reset_RIT                                0x00003195   Thumb Code    12  lib_rit.o(.text)
    init_RIT                                 0x000031a1   Thumb Code    80  lib_rit.o(.text)
    LED_On                                   0x000031f1   Thumb Code    40  funct_led.o(.text)
    LED_Off                                  0x00003219   Thumb Code    42  funct_led.o(.text)
    LED_Out                                  0x00003245   Thumb Code    68  funct_led.o(.text)
    EINT0_IRQHandler                         0x00003289   Thumb Code    68  irq_button.o(.text)
    EINT1_IRQHandler                         0x000032cd   Thumb Code    18  irq_button.o(.text)
    EINT2_IRQHandler                         0x000032e1   Thumb Code    18  irq_button.o(.text)
    BUTTON_init                              0x000032f5   Thumb Code   120  lib_button.o(.text)
    heuristic                                0x0000336d   Thumb Code    16  astar.o(.text)
    aisValid                                 0x0000337d   Thumb Code    40  astar.o(.text)
    insertNodeInOpenList                     0x000033a5   Thumb Code    74  astar.o(.text)
    extractMinNode                           0x000033f1   Thumb Code    58  astar.o(.text)
    aStar                                    0x0000342d   Thumb Code   546  astar.o(.text)
    aggiornaPercorsoFantasma                 0x00003651   Thumb Code   130  astar.o(.text)
    playNote                                 0x000036d5   Thumb Code    68  music.o(.text)
    isNotePlaying                            0x00003719   Thumb Code    34  music.o(.text)
    ADC_IRQHandler                           0x0000373d   Thumb Code   162  irq_adc.o(.text)
    CAN_IRQHandler                           0x000037e1   Thumb Code   190  irq_can.o(.text)
    CAN_setup                                0x000038a1   Thumb Code   162  lib_can.o(.text)
    CAN_start                                0x00003945   Thumb Code    32  lib_can.o(.text)
    CAN_waitReady                            0x00003965   Thumb Code    32  lib_can.o(.text)
    CAN_wrMsg                                0x00003985   Thumb Code   146  lib_can.o(.text)
    CAN_rdMsg                                0x00003a19   Thumb Code   106  lib_can.o(.text)
    CAN_wrFilter                             0x00003a85   Thumb Code   566  lib_can.o(.text)
    CAN_Init                                 0x00003cbd   Thumb Code   218  lib_can.o(.text)
    __2sprintf                               0x00003d99   Thumb Code    34  noretval__2sprintf.o(.text)
    _printf_pre_padding                      0x00003dc1   Thumb Code    44  _printf_pad.o(.text)
    _printf_post_padding                     0x00003ded   Thumb Code    34  _printf_pad.o(.text)
    _printf_int_dec                          0x00003e11   Thumb Code   104  _printf_dec.o(.text)
    __printf                                 0x00003e89   Thumb Code   308  __printf_flags_wp.o(.text)
    srand                                    0x00003fc1   Thumb Code    42  rand.o(.text)
    _rand_init                               0x00003feb   Thumb Code     4  rand.o(.text)
    __aeabi_memmove4                         0x00003ffd   Thumb Code     0  rt_memmove_w.o(.text)
    __aeabi_memmove8                         0x00003ffd   Thumb Code     0  rt_memmove_w.o(.text)
    __rt_memmove_w                           0x00003ffd   Thumb Code   122  rt_memmove_w.o(.text)
    __memmove_aligned                        0x00004023   Thumb Code     0  rt_memmove_w.o(.text)
    __memmove_lastfew_aligned                0x0000405b   Thumb Code     0  rt_memmove_w.o(.text)
    __aeabi_memclr4                          0x00004077   Thumb Code     0  rt_memclr_w.o(.text)
    __aeabi_memclr8                          0x00004077   Thumb Code     0  rt_memclr_w.o(.text)
    __rt_memclr_w                            0x00004077   Thumb Code     0  rt_memclr_w.o(.text)
    _memset_w                                0x0000407b   Thumb Code    74  rt_memclr_w.o(.text)
    __use_two_region_memory                  0x000040c5   Thumb Code     2  heapauxi.o(.text)
    __rt_heap_escrow$2region                 0x000040c7   Thumb Code     2  heapauxi.o(.text)
    __rt_heap_expand$2region                 0x000040c9   Thumb Code     2  heapauxi.o(.text)
    __read_errno                             0x000040cb   Thumb Code    10  _rserrno.o(.text)
    __semihosting_library_function           0x000040cb   Thumb Code     0  indicate_semi.o(.text)
    __set_errno                              0x000040d5   Thumb Code    12  _rserrno.o(.text)
    _printf_int_common                       0x000040e1   Thumb Code   178  _printf_intcommon.o(.text)
    _printf_char_common                      0x0000419f   Thumb Code    32  _printf_char_common.o(.text)
    _sputc                                   0x000041c5   Thumb Code    10  _sputc.o(.text)
    __aeabi_memcpy4                          0x000041cf   Thumb Code     0  rt_memcpy_w.o(.text)
    __aeabi_memcpy8                          0x000041cf   Thumb Code     0  rt_memcpy_w.o(.text)
    __rt_memcpy_w                            0x000041cf   Thumb Code   100  rt_memcpy_w.o(.text)
    _memcpy_lastbytes_aligned                0x00004217   Thumb Code     0  rt_memcpy_w.o(.text)
    __aeabi_errno_addr                       0x00004235   Thumb Code     8  rt_errno_addr_intlibspace.o(.text)
    __errno$intlibspace                      0x00004235   Thumb Code     0  rt_errno_addr_intlibspace.o(.text)
    __rt_errno_addr$intlibspace              0x00004235   Thumb Code     0  rt_errno_addr_intlibspace.o(.text)
    __user_libspace                          0x0000423d   Thumb Code     8  libspace.o(.text)
    __user_perproc_libspace                  0x0000423d   Thumb Code     0  libspace.o(.text)
    __user_perthread_libspace                0x0000423d   Thumb Code     0  libspace.o(.text)
    __user_setup_stackheap                   0x00004245   Thumb Code    74  sys_stackheap_outer.o(.text)
    exit                                     0x0000428f   Thumb Code    18  exit.o(.text)
    _sys_exit                                0x000042a1   Thumb Code     8  sys_exit.o(.text)
    _is_digit                                0x000042ad   Thumb Code    14  __printf_wp.o(i._is_digit)
    sqrt                                     0x000042bb   Thumb Code    76  sqrt.o(i.sqrt)
    __aeabi_dadd                             0x00004309   Thumb Code     0  daddsub_clz.o(x$fpl$dadd)
    _dadd                                    0x00004309   Thumb Code   332  daddsub_clz.o(x$fpl$dadd)
    __aeabi_d2iz                             0x00004459   Thumb Code     0  dfix.o(x$fpl$dfix)
    _dfix                                    0x00004459   Thumb Code    94  dfix.o(x$fpl$dfix)
    __aeabi_i2d                              0x000044b7   Thumb Code     0  dflt_clz.o(x$fpl$dflt)
    _dflt                                    0x000044b7   Thumb Code    46  dflt_clz.o(x$fpl$dflt)
    __aeabi_dmul                             0x000044e5   Thumb Code     0  dmul.o(x$fpl$dmul)
    _dmul                                    0x000044e5   Thumb Code   332  dmul.o(x$fpl$dmul)
    __fpl_dnaninf                            0x00004639   Thumb Code   156  dnaninf.o(x$fpl$dnaninf)
    __fpl_dretinf                            0x000046d5   Thumb Code    12  dretinf.o(x$fpl$dretinf)
    _dsqrt                                   0x000046e1   Thumb Code   456  dsqrt_noumaal.o(x$fpl$dsqrt)
    __aeabi_dsub                             0x000048ad   Thumb Code     0  daddsub_clz.o(x$fpl$dsub)
    _dsub                                    0x000048ad   Thumb Code   472  daddsub_clz.o(x$fpl$dsub)
    __aeabi_fdiv                             0x00004a89   Thumb Code     0  fdiv.o(x$fpl$fdiv)
    _fdiv                                    0x00004a89   Thumb Code   384  fdiv.o(x$fpl$fdiv)
    __aeabi_f2uiz                            0x00004c0d   Thumb Code     0  ffixu.o(x$fpl$ffixu)
    _ffixu                                   0x00004c0d   Thumb Code    62  ffixu.o(x$fpl$ffixu)
    __aeabi_ui2f                             0x00004c4d   Thumb Code     0  fflt_clz.o(x$fpl$ffltu)
    _ffltu                                   0x00004c4d   Thumb Code    38  fflt_clz.o(x$fpl$ffltu)
    __aeabi_fmul                             0x00004c75   Thumb Code     0  fmul.o(x$fpl$fmul)
    _fmul                                    0x00004c75   Thumb Code   258  fmul.o(x$fpl$fmul)
    __fpl_fnaninf                            0x00004d77   Thumb Code   140  fnaninf.o(x$fpl$fnaninf)
    __fpl_fretinf                            0x00004e03   Thumb Code    10  fretinf.o(x$fpl$fretinf)
    __I$use$fp                               0x00004e0c   Number         0  usenofp.o(x$fpl$usenofp)
    freqs                                    0x00005438   Data          32  irq_adc.o(.rodata.freqs)
    led_mask                                 0x00005458   Data          32  funct_led.o(.rodata.led_mask)
    Region$$Table$$Base                      0x00005488   Number         0  anon$$obj.o(Region$$Table)
    Region$$Table$$Limit                     0x000054b8   Number         0  anon$$obj.o(Region$$Table)
    allNodes                                 0x10000000   Data       19344  astar.o(.bss.allNodes)
    AD_last                                  0x2007c000   Data           2  irq_adc.o(.data.AD_last)
    SinTable                                 0x2007c002   Data          90  irq_timer.o(.data.SinTable)
    SystemFrequency                          0x2007c05c   Data           4  system_lpc17xx.o(.data.SystemFrequency)
    countdown                                0x2007c060   Data           4  game.o(.data.countdown)
    current_life                             0x2007c064   Data           4  game.o(.data.current_life)
    current_pill                             0x2007c068   Data           4  game.o(.data.current_pill)
    current_score                            0x2007c06c   Data           4  game.o(.data.current_score)
    ghost_frightened                         0x2007c070   Data          32  music.o(.data.ghost_frightened)
    ghost_frightened_countdown               0x2007c090   Data           4  game.o(.data.ghost_frightened_countdown)
    ghost_start_time                         0x2007c094   Data           4  game.o(.data.ghost_start_time)
    interrupt_per_second                     0x2007c098   Data           4  game.o(.data.interrupt_per_second)
    map                                      0x2007c09c   Data         806  game.o(.data.map)
    pacman_intro                             0x2007c3c4   Data         160  music.o(.data.pacman_intro)
    tmp_score                                0x2007c464   Data           4  game.o(.data.tmp_score)
    _random_number_data                      0x2007c468   Data         228  rand.o(.bss)
    __libspace_start                         0x2007c54c   Data          96  libspace.o(.bss)
    AD_current                               0x2007c5ac   Data           2  irq_adc.o(.bss.AD_current)
    __temporary_stack_top$libspace           0x2007c5ac   Data           0  libspace.o(.bss)
    CAN_RxMsg                                0x2007c5b0   Data          16  lib_can.o(.bss.CAN_RxMsg)
    CAN_TxMsg                                0x2007c5c0   Data          16  lib_can.o(.bss.CAN_TxMsg)
    GhostcurrentNote                         0x2007c5d8   Data           4  irq_rit.o(.bss.GhostcurrentNote)
    IntrocurrentNote                         0x2007c5dc   Data           4  irq_rit.o(.bss.IntrocurrentNote)
    ScaleFlag                                0x2007c5f8   Data           1  system_lpc17xx.o(.bss.ScaleFlag)
    allNodesCount                            0x2007c600   Data           4  astar.o(.bss.allNodesCount)
    ctime                                    0x2007c604   Data           1  irq_can.o(.bss.ctime)
    current_direction                        0x2007c605   Data           1  game.o(.bss.current_direction)
    down_0                                   0x2007c608   Data           4  irq_rit.o(.bss.down_0)
    game_status                              0x2007c60c   Data           4  game.o(.bss.game_status)
    ghost_initial_pos                        0x2007c610   Data           8  game.o(.bss.ghost_initial_pos)
    ghost_pos                                0x2007c618   Data           8  game.o(.bss.ghost_pos)
    ghost_status                             0x2007c620   Data           1  game.o(.bss.ghost_status)
    h                                        0x2007c624   Data           4  game.o(.bss.h)
    icr                                      0x2007c628   Data           1  lib_can.o(.bss.icr)
    led_value                                0x2007c629   Data           1  lib_led.o(.bss.led_value)
    lifes                                    0x2007c62a   Data           1  irq_can.o(.bss.lifes)
    old_direction                            0x2007c62b   Data           1  game.o(.bss.old_direction)
    openList                                 0x2007c62c   Data        3224  astar.o(.bss.openList)
    openListSize                             0x2007d2c4   Data           4  astar.o(.bss.openListSize)
    pac_initial_pos                          0x2007d2c8   Data           8  game.o(.bss.pac_initial_pos)
    pac_pos                                  0x2007d2d0   Data           8  game.o(.bss.pac_pos)
    randompillpos                            0x2007d2d8   Data          48  game.o(.bss.randompillpos)
    randompills                              0x2007d308   Data          24  game.o(.bss.randompills)
    randompillspawn                          0x2007d320   Data          24  game.o(.bss.randompillspawn)
    result                                   0x2007d338   Data           4  lib_can.o(.bss.result)
    score                                    0x2007d33c   Data           2  irq_can.o(.bss.score)
    tel_l                                    0x2007d340   Data           8  game.o(.bss.tel_l)
    tel_r                                    0x2007d348   Data           8  game.o(.bss.tel_r)
    visited                                  0x2007d350   Data        3224  astar.o(.bss.visited)



==============================================================================

Memory Map of the image

  Image Entry point : 0x000000cd

  Load Region LR_IROM1 (Base: 0x00000000, Size: 0x00005920, Max: 0x00080000, ABSOLUTE, COMPRESSED[0x000055e8])

    Execution Region ER_IROM1 (Exec base: 0x00000000, Load base: 0x00000000, Size: 0x000054b8, Max: 0x00080000, ABSOLUTE)

    Exec Addr    Load Addr    Size         Type   Attr      Idx    E Section Name        Object

    0x00000000   0x00000000   0x000000cc   Data   RO            3    RESET               startup_lpc17xx.o
    0x000000cc   0x000000cc   0x00000008   Code   RO          309  * !!!main             c_w.l(__main.o)
    0x000000d4   0x000000d4   0x0000005c   Code   RO          543    !!!scatter          c_w.l(__scatter.o)
    0x00000130   0x00000130   0x0000005a   Code   RO          541    !!dczerorl2         c_w.l(__dczerorl2.o)
    0x0000018a   0x0000018a   0x00000002   PAD
    0x0000018c   0x0000018c   0x00000002   Code   RO          544    !!handler_null      c_w.l(__scatter.o)
    0x0000018e   0x0000018e   0x00000002   PAD
    0x00000190   0x00000190   0x0000001c   Code   RO          547    !!handler_zi        c_w.l(__scatter_zi.o)
    0x000001ac   0x000001ac   0x00000000   Code   RO          295    .ARM.Collect$$_printf_percent$$00000000  c_w.l(_printf_percent.o)
    0x000001ac   0x000001ac   0x00000006   Code   RO          294    .ARM.Collect$$_printf_percent$$00000009  c_w.l(_printf_d.o)
    0x000001b2   0x000001b2   0x00000004   Code   RO          361    .ARM.Collect$$_printf_percent$$00000017  c_w.l(_printf_percent_end.o)
    0x000001b6   0x000001b6   0x00000002   Code   RO          464    .ARM.Collect$$libinit$$00000000  c_w.l(libinit.o)
    0x000001b8   0x000001b8   0x00000000   Code   RO          365    .ARM.Collect$$libinit$$00000002  c_w.l(libinit2.o)
    0x000001b8   0x000001b8   0x00000000   Code   RO          367    .ARM.Collect$$libinit$$00000004  c_w.l(libinit2.o)
    0x000001b8   0x000001b8   0x00000000   Code   RO          369    .ARM.Collect$$libinit$$00000006  c_w.l(libinit2.o)
    0x000001b8   0x000001b8   0x00000000   Code   RO          372    .ARM.Collect$$libinit$$0000000C  c_w.l(libinit2.o)
    0x000001b8   0x000001b8   0x00000000   Code   RO          374    .ARM.Collect$$libinit$$0000000E  c_w.l(libinit2.o)
    0x000001b8   0x000001b8   0x00000004   Code   RO          375    .ARM.Collect$$libinit$$0000000F  c_w.l(libinit2.o)
    0x000001bc   0x000001bc   0x00000000   Code   RO          376    .ARM.Collect$$libinit$$00000010  c_w.l(libinit2.o)
    0x000001bc   0x000001bc   0x00000000   Code   RO          379    .ARM.Collect$$libinit$$00000013  c_w.l(libinit2.o)
    0x000001bc   0x000001bc   0x00000000   Code   RO          381    .ARM.Collect$$libinit$$00000015  c_w.l(libinit2.o)
    0x000001bc   0x000001bc   0x00000000   Code   RO          383    .ARM.Collect$$libinit$$00000017  c_w.l(libinit2.o)
    0x000001bc   0x000001bc   0x00000000   Code   RO          385    .ARM.Collect$$libinit$$00000019  c_w.l(libinit2.o)
    0x000001bc   0x000001bc   0x00000000   Code   RO          387    .ARM.Collect$$libinit$$0000001B  c_w.l(libinit2.o)
    0x000001bc   0x000001bc   0x00000000   Code   RO          389    .ARM.Collect$$libinit$$0000001D  c_w.l(libinit2.o)
    0x000001bc   0x000001bc   0x00000000   Code   RO          391    .ARM.Collect$$libinit$$0000001F  c_w.l(libinit2.o)
    0x000001bc   0x000001bc   0x00000000   Code   RO          393    .ARM.Collect$$libinit$$00000021  c_w.l(libinit2.o)
    0x000001bc   0x000001bc   0x00000000   Code   RO          395    .ARM.Collect$$libinit$$00000023  c_w.l(libinit2.o)
    0x000001bc   0x000001bc   0x00000000   Code   RO          397    .ARM.Collect$$libinit$$00000025  c_w.l(libinit2.o)
    0x000001bc   0x000001bc   0x00000000   Code   RO          399    .ARM.Collect$$libinit$$00000027  c_w.l(libinit2.o)
    0x000001bc   0x000001bc   0x00000000   Code   RO          403    .ARM.Collect$$libinit$$0000002E  c_w.l(libinit2.o)
    0x000001bc   0x000001bc   0x00000000   Code   RO          405    .ARM.Collect$$libinit$$00000030  c_w.l(libinit2.o)
    0x000001bc   0x000001bc   0x00000000   Code   RO          407    .ARM.Collect$$libinit$$00000032  c_w.l(libinit2.o)
    0x000001bc   0x000001bc   0x00000000   Code   RO          409    .ARM.Collect$$libinit$$00000034  c_w.l(libinit2.o)
    0x000001bc   0x000001bc   0x00000002   Code   RO          410    .ARM.Collect$$libinit$$00000035  c_w.l(libinit2.o)
    0x000001be   0x000001be   0x00000002   Code   RO          500    .ARM.Collect$$libshutdown$$00000000  c_w.l(libshutdown.o)
    0x000001c0   0x000001c0   0x00000000   Code   RO          508    .ARM.Collect$$libshutdown$$00000002  c_w.l(libshutdown2.o)
    0x000001c0   0x000001c0   0x00000000   Code   RO          510    .ARM.Collect$$libshutdown$$00000004  c_w.l(libshutdown2.o)
    0x000001c0   0x000001c0   0x00000000   Code   RO          513    .ARM.Collect$$libshutdown$$00000007  c_w.l(libshutdown2.o)
    0x000001c0   0x000001c0   0x00000000   Code   RO          516    .ARM.Collect$$libshutdown$$0000000A  c_w.l(libshutdown2.o)
    0x000001c0   0x000001c0   0x00000000   Code   RO          518    .ARM.Collect$$libshutdown$$0000000C  c_w.l(libshutdown2.o)
    0x000001c0   0x000001c0   0x00000000   Code   RO          521    .ARM.Collect$$libshutdown$$0000000F  c_w.l(libshutdown2.o)
    0x000001c0   0x000001c0   0x00000002   Code   RO          522    .ARM.Collect$$libshutdown$$00000010  c_w.l(libshutdown2.o)
    0x000001c2   0x000001c2   0x00000000   Code   RO          352    .ARM.Collect$$rtentry$$00000000  c_w.l(__rtentry.o)
    0x000001c2   0x000001c2   0x00000000   Code   RO          423    .ARM.Collect$$rtentry$$00000002  c_w.l(__rtentry2.o)
    0x000001c2   0x000001c2   0x00000006   Code   RO          435    .ARM.Collect$$rtentry$$00000004  c_w.l(__rtentry4.o)
    0x000001c8   0x000001c8   0x00000000   Code   RO          425    .ARM.Collect$$rtentry$$00000009  c_w.l(__rtentry2.o)
    0x000001c8   0x000001c8   0x00000004   Code   RO          426    .ARM.Collect$$rtentry$$0000000A  c_w.l(__rtentry2.o)
    0x000001cc   0x000001cc   0x00000000   Code   RO          428    .ARM.Collect$$rtentry$$0000000C  c_w.l(__rtentry2.o)
    0x000001cc   0x000001cc   0x00000008   Code   RO          429    .ARM.Collect$$rtentry$$0000000D  c_w.l(__rtentry2.o)
    0x000001d4   0x000001d4   0x00000002   Code   RO          469    .ARM.Collect$$rtexit$$00000000  c_w.l(rtexit.o)
    0x000001d6   0x000001d6   0x00000000   Code   RO          478    .ARM.Collect$$rtexit$$00000002  c_w.l(rtexit2.o)
    0x000001d6   0x000001d6   0x00000004   Code   RO          479    .ARM.Collect$$rtexit$$00000003  c_w.l(rtexit2.o)
    0x000001da   0x000001da   0x00000006   Code   RO          480    .ARM.Collect$$rtexit$$00000004  c_w.l(rtexit2.o)
    0x000001e0   0x000001e0   0x00000034   Code   RO          296    .emb_text           c_w.l(rand.o)
    0x00000214   0x00000214   0x00000034   Code   RO            5    .text               startup_lpc17xx.o
    0x00000248   0x00000248   0x000000a0   Code   RO           13    .text               sample.o
    0x000002e8   0x000002e8   0x00000012   Code   RO          260    .text               c_w.l(sys_time.o)
    0x000002fa   0x000002fa   0x00000002   Code   RO          349    .text               c_w.l(use_no_semi.o)
    0x000002fc   0x000002fc   0x00000004   Code   RO            4    .ARM.__at_0x02FC    startup_lpc17xx.o
    0x00000300   0x00000300   0x00000150   Code   RO           21    .text               system_lpc17xx.o
    0x00000450   0x00000450   0x0000012e   Code   RO           31    .text               irq_timer.o
    0x0000057e   0x0000057e   0x00000002   PAD
    0x00000580   0x00000580   0x0000029a   Code   RO           40    .text               lib_timer.o
    0x0000081a   0x0000081a   0x00000002   PAD
    0x0000081c   0x0000081c   0x0000002a   Code   RO           48    .text               asciilib.o
    0x00000846   0x00000846   0x00000002   PAD
    0x00000848   0x00000848   0x00001726   Code   RO           57    .text               glcd.o
    0x00001f6e   0x00001f6e   0x00000002   PAD
    0x00001f70   0x00001f70   0x0000063a   Code   RO           75    .text               draw.o
    0x000025aa   0x000025aa   0x00000002   PAD
    0x000025ac   0x000025ac   0x000009fc   Code   RO           84    .text               game.o
    0x00002fa8   0x00002fa8   0x000001ca   Code   RO          132    .text               irq_rit.o
    0x00003172   0x00003172   0x00000002   PAD
    0x00003174   0x00003174   0x0000007c   Code   RO          149    .text               lib_rit.o
    0x000031f0   0x000031f0   0x00000098   Code   RO          157    .text               funct_led.o
    0x00003288   0x00003288   0x0000006a   Code   RO          174    .text               irq_button.o
    0x000032f2   0x000032f2   0x00000002   PAD
    0x000032f4   0x000032f4   0x00000078   Code   RO          181    .text               lib_button.o
    0x0000336c   0x0000336c   0x00000366   Code   RO          188    .text               astar.o
    0x000036d2   0x000036d2   0x00000002   PAD
    0x000036d4   0x000036d4   0x00000066   Code   RO          203    .text               music.o
    0x0000373a   0x0000373a   0x00000002   PAD
    0x0000373c   0x0000373c   0x000000a2   Code   RO          213    .text               irq_adc.o
    0x000037de   0x000037de   0x00000002   PAD
    0x000037e0   0x000037e0   0x000000be   Code   RO          230    .text               irq_can.o
    0x0000389e   0x0000389e   0x00000002   PAD
    0x000038a0   0x000038a0   0x000004f6   Code   RO          242    .text               lib_can.o
    0x00003d96   0x00003d96   0x00000002   PAD
    0x00003d98   0x00003d98   0x00000028   Code   RO          266    .text               c_w.l(noretval__2sprintf.o)
    0x00003dc0   0x00003dc0   0x0000004e   Code   RO          270    .text               c_w.l(_printf_pad.o)
    0x00003e0e   0x00003e0e   0x00000002   PAD
    0x00003e10   0x00003e10   0x00000078   Code   RO          272    .text               c_w.l(_printf_dec.o)
    0x00003e88   0x00003e88   0x00000138   Code   RO          286    .text               c_w.l(__printf_flags_wp.o)
    0x00003fc0   0x00003fc0   0x0000003c   Code   RO          297    .text               c_w.l(rand.o)
    0x00003ffc   0x00003ffc   0x0000007a   Code   RO          303    .text               c_w.l(rt_memmove_w.o)
    0x00004076   0x00004076   0x0000004e   Code   RO          305    .text               c_w.l(rt_memclr_w.o)
    0x000040c4   0x000040c4   0x00000006   Code   RO          307    .text               c_w.l(heapauxi.o)
    0x000040ca   0x000040ca   0x00000000   Code   RO          351    .text               c_w.l(indicate_semi.o)
    0x000040ca   0x000040ca   0x00000016   Code   RO          353    .text               c_w.l(_rserrno.o)
    0x000040e0   0x000040e0   0x000000b2   Code   RO          355    .text               c_w.l(_printf_intcommon.o)
    0x00004192   0x00004192   0x00000002   PAD
    0x00004194   0x00004194   0x00000030   Code   RO          357    .text               c_w.l(_printf_char_common.o)
    0x000041c4   0x000041c4   0x0000000a   Code   RO          359    .text               c_w.l(_sputc.o)
    0x000041ce   0x000041ce   0x00000064   Code   RO          362    .text               c_w.l(rt_memcpy_w.o)
    0x00004232   0x00004232   0x00000002   PAD
    0x00004234   0x00004234   0x00000008   Code   RO          440    .text               c_w.l(rt_errno_addr_intlibspace.o)
    0x0000423c   0x0000423c   0x00000008   Code   RO          448    .text               c_w.l(libspace.o)
    0x00004244   0x00004244   0x0000004a   Code   RO          451    .text               c_w.l(sys_stackheap_outer.o)
    0x0000428e   0x0000428e   0x00000012   Code   RO          453    .text               c_w.l(exit.o)
    0x000042a0   0x000042a0   0x0000000c   Code   RO          490    .text               c_w.l(sys_exit.o)
    0x000042ac   0x000042ac   0x0000000e   Code   RO          284    i._is_digit         c_w.l(__printf_wp.o)
    0x000042ba   0x000042ba   0x0000004c   Code   RO          346    i.sqrt              m_ws.l(sqrt.o)
    0x00004306   0x00004306   0x00000002   PAD
    0x00004308   0x00004308   0x00000150   Code   RO          311    x$fpl$dadd          fz_ws.l(daddsub_clz.o)
    0x00004458   0x00004458   0x0000005e   Code   RO          317    x$fpl$dfix          fz_ws.l(dfix.o)
    0x000044b6   0x000044b6   0x0000002e   Code   RO          322    x$fpl$dflt          fz_ws.l(dflt_clz.o)
    0x000044e4   0x000044e4   0x00000154   Code   RO          327    x$fpl$dmul          fz_ws.l(dmul.o)
    0x00004638   0x00004638   0x0000009c   Code   RO          411    x$fpl$dnaninf       fz_ws.l(dnaninf.o)
    0x000046d4   0x000046d4   0x0000000c   Code   RO          413    x$fpl$dretinf       fz_ws.l(dretinf.o)
    0x000046e0   0x000046e0   0x000001cc   Code   RO          415    x$fpl$dsqrt         fz_ws.l(dsqrt_noumaal.o)
    0x000048ac   0x000048ac   0x000001dc   Code   RO          313    x$fpl$dsub          fz_ws.l(daddsub_clz.o)
    0x00004a88   0x00004a88   0x00000184   Code   RO          330    x$fpl$fdiv          fz_ws.l(fdiv.o)
    0x00004c0c   0x00004c0c   0x0000003e   Code   RO          333    x$fpl$ffixu         fz_ws.l(ffixu.o)
    0x00004c4a   0x00004c4a   0x00000002   PAD
    0x00004c4c   0x00004c4c   0x00000026   Code   RO          337    x$fpl$ffltu         fz_ws.l(fflt_clz.o)
    0x00004c72   0x00004c72   0x00000002   PAD
    0x00004c74   0x00004c74   0x00000102   Code   RO          343    x$fpl$fmul          fz_ws.l(fmul.o)
    0x00004d76   0x00004d76   0x0000008c   Code   RO          417    x$fpl$fnaninf       fz_ws.l(fnaninf.o)
    0x00004e02   0x00004e02   0x0000000a   Code   RO          419    x$fpl$fretinf       fz_ws.l(fretinf.o)
    0x00004e0c   0x00004e0c   0x00000000   Code   RO          421    x$fpl$usenofp       fz_ws.l(usenofp.o)
    0x00004e0c   0x00004e0c   0x00000011   Data   RO          287    .constdata          c_w.l(__printf_flags_wp.o)
    0x00004e1d   0x00004e1d   0x000005f0   Data   RO           50    .rodata.AsciiLib    asciilib.o
    0x0000540d   0x0000540d   0x00000003   PAD
    0x00005410   0x00005410   0x00000020   Data   RO          195    .rodata.cst32       astar.o
    0x00005430   0x00005430   0x00000008   Data   RO          110    .rodata.cst8        game.o
    0x00005438   0x00005438   0x00000020   Data   RO          216    .rodata.freqs       irq_adc.o
    0x00005458   0x00005458   0x00000020   Data   RO          159    .rodata.led_mask    funct_led.o
    0x00005478   0x00005478   0x00000010   Data   RO          103    .rodata.str1.1      game.o
    0x00005488   0x00005488   0x00000030   Data   RO          540    Region$$Table       anon$$obj.o


    Execution Region RW_IRAM1 (Exec base: 0x10000000, Load base: 0x000054b8, Size: 0x00004b90, Max: 0x00008000, ABSOLUTE)

    Exec Addr    Load Addr    Size         Type   Attr      Idx    E Section Name        Object

    0x10000000        -       0x00004b90   Zero   RW          194    .bss.allNodes       astar.o


    Execution Region RW_IRAM2 (Exec base: 0x2007c000, Load base: 0x000054b8, Size: 0x000023e8, Max: 0x00008000, ABSOLUTE, COMPRESSED[0x00000130])

    Exec Addr    Load Addr    Size         Type   Attr      Idx    E Section Name        Object

    0x2007c000   COMPRESSED   0x00000002   Data   RW          215    .data.AD_last       irq_adc.o
    0x2007c002   COMPRESSED   0x0000005a   Data   RW           33    .data.SinTable      irq_timer.o
    0x2007c05c   COMPRESSED   0x00000004   Data   RW           23    .data.SystemFrequency  system_lpc17xx.o
    0x2007c060   COMPRESSED   0x00000004   Data   RW           92    .data.countdown     game.o
    0x2007c064   COMPRESSED   0x00000004   Data   RW           87    .data.current_life  game.o
    0x2007c068   COMPRESSED   0x00000004   Data   RW           86    .data.current_pill  game.o
    0x2007c06c   COMPRESSED   0x00000004   Data   RW           88    .data.current_score  game.o
    0x2007c070   COMPRESSED   0x00000020   Data   RW          206    .data.ghost_frightened  music.o
    0x2007c090   COMPRESSED   0x00000004   Data   RW           94    .data.ghost_frightened_countdown  game.o
    0x2007c094   COMPRESSED   0x00000004   Data   RW           95    .data.ghost_start_time  game.o
    0x2007c098   COMPRESSED   0x00000004   Data   RW           93    .data.interrupt_per_second  game.o
    0x2007c09c   COMPRESSED   0x00000326   Data   RW           98    .data.map           game.o
    0x2007c3c2   COMPRESSED   0x00000002   PAD
    0x2007c3c4   COMPRESSED   0x000000a0   Data   RW          205    .data.pacman_intro  music.o
    0x2007c464   COMPRESSED   0x00000004   Data   RW           89    .data.tmp_score     game.o
    0x2007c468        -       0x000000e4   Zero   RW          298    .bss                c_w.l(rand.o)
    0x2007c54c        -       0x00000060   Zero   RW          449    .bss                c_w.l(libspace.o)
    0x2007c5ac        -       0x00000002   Zero   RW          217    .bss.AD_current     irq_adc.o
    0x2007c5ae   COMPRESSED   0x00000002   PAD
    0x2007c5b0        -       0x00000010   Zero   RW          250    .bss.CAN_RxMsg      lib_can.o
    0x2007c5c0        -       0x00000010   Zero   RW          249    .bss.CAN_TxMsg      lib_can.o
    0x2007c5d0        -       0x00000004   Zero   RW          248    .bss.CAN_wrFilter.CAN_ext_cnt  lib_can.o
    0x2007c5d4        -       0x00000004   Zero   RW          247    .bss.CAN_wrFilter.CAN_std_cnt  lib_can.o
    0x2007c5d8        -       0x00000004   Zero   RW          136    .bss.GhostcurrentNote  irq_rit.o
    0x2007c5dc        -       0x00000004   Zero   RW          135    .bss.IntrocurrentNote  irq_rit.o
    0x2007c5e0        -       0x00000004   Zero   RW          139    .bss.RIT_IRQHandler.downj  irq_rit.o
    0x2007c5e4        -       0x00000004   Zero   RW          140    .bss.RIT_IRQHandler.left  irq_rit.o
    0x2007c5e8        -       0x00000004   Zero   RW          141    .bss.RIT_IRQHandler.right  irq_rit.o
    0x2007c5ec        -       0x00000004   Zero   RW          142    .bss.RIT_IRQHandler.ticks  irq_rit.o
    0x2007c5f0        -       0x00000004   Zero   RW          143    .bss.RIT_IRQHandler.ticks.1  irq_rit.o
    0x2007c5f4        -       0x00000004   Zero   RW          138    .bss.RIT_IRQHandler.up  irq_rit.o
    0x2007c5f8        -       0x00000001   Zero   RW           24    .bss.ScaleFlag      system_lpc17xx.o
    0x2007c5f9   COMPRESSED   0x00000003   PAD
    0x2007c5fc        -       0x00000004   Zero   RW           34    .bss.TIMER2_IRQHandler.sineticks  irq_timer.o
    0x2007c600        -       0x00000004   Zero   RW          190    .bss.allNodesCount  astar.o
    0x2007c604        -       0x00000001   Zero   RW          235    .bss.ctime          irq_can.o
    0x2007c605        -       0x00000001   Zero   RW           96    .bss.current_direction  game.o
    0x2007c606   COMPRESSED   0x00000002   PAD
    0x2007c608        -       0x00000004   Zero   RW          134    .bss.down_0         irq_rit.o
    0x2007c60c        -       0x00000004   Zero   RW           90    .bss.game_status    game.o
    0x2007c610        -       0x00000008   Zero   RW          108    .bss.ghost_initial_pos  game.o
    0x2007c618        -       0x00000008   Zero   RW          106    .bss.ghost_pos      game.o
    0x2007c620        -       0x00000001   Zero   RW          102    .bss.ghost_status   game.o
    0x2007c621   COMPRESSED   0x00000003   PAD
    0x2007c624        -       0x00000004   Zero   RW           91    .bss.h              game.o
    0x2007c628        -       0x00000001   Zero   RW          244    .bss.icr            lib_can.o
    0x2007c629        -       0x00000001   Zero   RW          168    .bss.led_value      lib_led.o
    0x2007c62a        -       0x00000001   Zero   RW          236    .bss.lifes          irq_can.o
    0x2007c62b        -       0x00000001   Zero   RW           97    .bss.old_direction  game.o
    0x2007c62c        -       0x00000c98   Zero   RW          192    .bss.openList       astar.o
    0x2007d2c4        -       0x00000004   Zero   RW          191    .bss.openListSize   astar.o
    0x2007d2c8        -       0x00000008   Zero   RW          107    .bss.pac_initial_pos  game.o
    0x2007d2d0        -       0x00000008   Zero   RW           99    .bss.pac_pos        game.o
    0x2007d2d8        -       0x00000030   Zero   RW          105    .bss.randompillpos  game.o
    0x2007d308        -       0x00000018   Zero   RW          109    .bss.randompills    game.o
    0x2007d320        -       0x00000018   Zero   RW          104    .bss.randompillspawn  game.o
    0x2007d338        -       0x00000004   Zero   RW          245    .bss.result         lib_can.o
    0x2007d33c        -       0x00000002   Zero   RW          234    .bss.score          irq_can.o
    0x2007d33e   COMPRESSED   0x00000002   PAD
    0x2007d340        -       0x00000008   Zero   RW          100    .bss.tel_l          game.o
    0x2007d348        -       0x00000008   Zero   RW          101    .bss.tel_r          game.o
    0x2007d350        -       0x00000c98   Zero   RW          193    .bss.visited        astar.o
    0x2007dfe8        -       0x00000000   Zero   RW            2    HEAP                startup_lpc17xx.o
    0x2007dfe8        -       0x00000400   Zero   RW            1    STACK               startup_lpc17xx.o


==============================================================================

Image component sizes


      Code (inc. data)   RO Data    RW Data    ZI Data      Debug   Object Name

        42          0       1520          0          0        699   asciilib.o
       870          0         32          0      25800       4227   astar.o
      1594         40          0          0          0       7158   draw.o
       152          0         32          0          0       2531   funct_led.o
      2556         28         24        838        155       5923   game.o
      5926          0          0          0          0      18160   glcd.o
       162          0         32          2          2       1303   irq_adc.o
       106          0          0          0          0       3955   irq_button.o
       190          0          0          0          4       1520   irq_can.o
       458          0          0          0         36       5388   irq_rit.o
       302          0          0         90          4       1998   irq_timer.o
       120          0          0          0          0       5581   lib_button.o
      1270          0          0          0         45       8609   lib_can.o
         0          0          0          0          1       2566   lib_led.o
       124          0          0          0          0       4156   lib_rit.o
       666         28          0          0          0       6459   lib_timer.o
       102          0          0        192          0       2298   music.o
       160          0          0          0          0       3492   sample.o
        56         22        204          0       1024       1072   startup_lpc17xx.o
       336         20          0          4          1       2159   system_lpc17xx.o

    ----------------------------------------------------------------------
     15216        138       1895       1128      27084      89254   Object Totals
         0          0         48          0          0          0   (incl. Generated)
        24          0          3          2         12          0   (incl. Padding)

    ----------------------------------------------------------------------

      Code (inc. data)   RO Data    RW Data    ZI Data      Debug   Library Member Name

        90          0          0          0          0          0   __dczerorl2.o
         8          0          0          0          0         68   __main.o
       312          4         17          0          0         92   __printf_flags_wp.o
        14          0          0          0          0         68   __printf_wp.o
         0          0          0          0          0          0   __rtentry.o
        12          0          0          0          0          0   __rtentry2.o
         6          0          0          0          0          0   __rtentry4.o
        94          8          0          0          0          0   __scatter.o
        28          0          0          0          0          0   __scatter_zi.o
        48          6          0          0          0         96   _printf_char_common.o
         6          0          0          0          0          0   _printf_d.o
       120         16          0          0          0         92   _printf_dec.o
       178          0          0          0          0         88   _printf_intcommon.o
        78          0          0          0          0        108   _printf_pad.o
         0          0          0          0          0          0   _printf_percent.o
         4          0          0          0          0          0   _printf_percent_end.o
        22          0          0          0          0        100   _rserrno.o
        10          0          0          0          0         68   _sputc.o
        18          0          0          0          0         80   exit.o
         6          0          0          0          0        152   heapauxi.o
         0          0          0          0          0          0   indicate_semi.o
         2          0          0          0          0          0   libinit.o
         6          0          0          0          0          0   libinit2.o
         2          0          0          0          0          0   libshutdown.o
         2          0          0          0          0          0   libshutdown2.o
         8          4          0          0         96         68   libspace.o
        40          6          0          0          0         84   noretval__2sprintf.o
       112         18          0          0        228        160   rand.o
         8          4          0          0          0         68   rt_errno_addr_intlibspace.o
        78          0          0          0          0         80   rt_memclr_w.o
       100          0          0          0          0         80   rt_memcpy_w.o
       122          0          0          0          0         80   rt_memmove_w.o
         2          0          0          0          0          0   rtexit.o
        10          0          0          0          0          0   rtexit2.o
        12          4          0          0          0         68   sys_exit.o
        74          0          0          0          0         80   sys_stackheap_outer.o
        18          0          0          0          0         76   sys_time.o
         2          0          0          0          0         68   use_no_semi.o
       812         16          0          0          0        296   daddsub_clz.o
        94          4          0          0          0         92   dfix.o
        46          0          0          0          0         68   dflt_clz.o
       340         12          0          0          0        104   dmul.o
       156          4          0          0          0         92   dnaninf.o
        12          0          0          0          0         68   dretinf.o
       460         56          0          0          0        120   dsqrt_noumaal.o
       388         76          0          0          0         96   fdiv.o
        62          4          0          0          0         84   ffixu.o
        38          0          0          0          0         68   fflt_clz.o
       258          4          0          0          0         84   fmul.o
       140          4          0          0          0         84   fnaninf.o
        10          0          0          0          0         68   fretinf.o
         0          0          0          0          0          0   usenofp.o
        76          0          0          0          0         84   sqrt.o

    ----------------------------------------------------------------------
      4560        250         17          0        324       3332   Library Totals
        16          0          0          0          0          0   (incl. Padding)

    ----------------------------------------------------------------------

      Code (inc. data)   RO Data    RW Data    ZI Data      Debug   Library Name

      1652         70         17          0        324       1924   c_w.l
      2816        180          0          0          0       1324   fz_ws.l
        76          0          0          0          0         84   m_ws.l

    ----------------------------------------------------------------------
      4560        250         17          0        324       3332   Library Totals

    ----------------------------------------------------------------------

==============================================================================


      Code (inc. data)   RO Data    RW Data    ZI Data      Debug   

     19776        388       1912       1128      27408      90594   Grand Totals
     19776        388       1912        304      27408      90594   ELF Image Totals (compressed)
     19776        388       1912        304          0          0   ROM Totals

==============================================================================

    Total RO  Size (Code + RO Data)                21688 (  21.18kB)
    Total RW  Size (RW Data + ZI Data)             28536 (  27.87kB)
    Total ROM Size (Code + RO Data + RW Data)      21992 (  21.48kB)

==============================================================================

